   1               		.file	"RTC.c"
   2               	__SREG__ = 0x3f
   3               	__SP_H__ = 0x3e
   4               	__SP_L__ = 0x3d
   5               	__CCP__  = 0x34
   6               	__tmp_reg__ = 0
   7               	__zero_reg__ = 1
  15               	.Ltext0:
  16               		.section	.text.initRTC,"ax",@progbits
  17               	.global	initRTC
  19               	initRTC:
  20               	.LFB4:
  21               	.LSM0:
  22               	/* prologue: function */
  23               	/* frame size = 0 */
  24               	.LSM1:
  25 0000 E1E8      		ldi r30,lo8(129)
  26 0002 F0E0      		ldi r31,hi8(129)
  27 0004 8081      		ld r24,Z
  28 0006 8860      		ori r24,lo8(8)
  29 0008 8083      		st Z,r24
  30               	.LSM2:
  31 000a 80E4      		ldi r24,lo8(8000)
  32 000c 9FE1      		ldi r25,hi8(8000)
  33 000e 9093 8900 		sts (136)+1,r25
  34 0012 8093 8800 		sts 136,r24
  35               	.LSM3:
  36 0016 8081      		ld r24,Z
  37 0018 8160      		ori r24,lo8(1)
  38 001a 8083      		st Z,r24
  39               	.LSM4:
  40 001c EFE6      		ldi r30,lo8(111)
  41 001e F0E0      		ldi r31,hi8(111)
  42 0020 8081      		ld r24,Z
  43 0022 8260      		ori r24,lo8(2)
  44 0024 8083      		st Z,r24
  45               	.LSM5:
  46               	/* #APP */
  47               	 ;  19 "RTC.c" 1
  48 0026 7894      		sei
  49               	 ;  0 "" 2
  50               	/* epilogue start */
  51               	.LSM6:
  52               	/* #NOAPP */
  53 0028 0895      		ret
  54               	.LFE4:
  56               		.section	.text.__vector_17,"ax",@progbits
  57               	.global	__vector_17
  59               	__vector_17:
  60               	.LFB5:
  61               	.LSM7:
  62 0000 1F92      		push __zero_reg__
  63 0002 0F92      		push r0
  64 0004 0FB6      		in r0,__SREG__
  65 0006 0F92      		push r0
  66 0008 1124      		clr __zero_reg__
  67 000a 8F93      		push r24
  68 000c 9F93      		push r25
  69               	/* prologue: Signal */
  70               	/* frame size = 0 */
  71               	.LSM8:
  72 000e 8091 0000 		lds r24,halfMillis
  73 0012 9091 0000 		lds r25,(halfMillis)+1
  74 0016 0196      		adiw r24,1
  75 0018 9093 0000 		sts (halfMillis)+1,r25
  76 001c 8093 0000 		sts halfMillis,r24
  77               	/* epilogue start */
  78               	.LSM9:
  79 0020 9F91      		pop r25
  80 0022 8F91      		pop r24
  81 0024 0F90      		pop r0
  82 0026 0FBE      		out __SREG__,r0
  83 0028 0F90      		pop r0
  84 002a 1F90      		pop __zero_reg__
  85 002c 1895      		reti
  86               	.LFE5:
  88               		.section	.text.millis,"ax",@progbits
  89               	.global	millis
  91               	millis:
  92               	.LFB6:
  93               	.LSM10:
  94               	/* prologue: function */
  95               	/* frame size = 0 */
  96               	.LSM11:
  97 0000 2091 0000 		lds r18,halfMillis
  98 0004 3091 0000 		lds r19,(halfMillis)+1
  99 0008 3695      		lsr r19
 100 000a 2795      		ror r18
 101               	.LSM12:
 102 000c C901      		movw r24,r18
 103               	/* epilogue start */
 104 000e 0895      		ret
 105               	.LFE6:
 107               	.global	halfMillis
 108               	.global	halfMillis
 109               		.section .bss
 112               	halfMillis:
 113 0000 0000      		.skip 2,0
 154               	.Letext0:
DEFINED SYMBOLS
                            *ABS*:00000000 RTC.c
     /tmp/ccRwWUf4.s:2      *ABS*:0000003f __SREG__
     /tmp/ccRwWUf4.s:3      *ABS*:0000003e __SP_H__
     /tmp/ccRwWUf4.s:4      *ABS*:0000003d __SP_L__
     /tmp/ccRwWUf4.s:5      *ABS*:00000034 __CCP__
     /tmp/ccRwWUf4.s:6      *ABS*:00000000 __tmp_reg__
     /tmp/ccRwWUf4.s:7      *ABS*:00000001 __zero_reg__
     /tmp/ccRwWUf4.s:19     .text.initRTC:00000000 initRTC
     /tmp/ccRwWUf4.s:59     .text.__vector_17:00000000 __vector_17
     /tmp/ccRwWUf4.s:112    .bss:00000000 halfMillis
     /tmp/ccRwWUf4.s:91     .text.millis:00000000 millis

UNDEFINED SYMBOLS
__do_clear_bss
