   1               		.file	"MCB.c"
   2               	__SREG__ = 0x3f
   3               	__SP_H__ = 0x3e
   4               	__SP_L__ = 0x3d
   5               	__CCP__  = 0x34
   6               	__tmp_reg__ = 0
   7               	__zero_reg__ = 1
  15               	.Ltext0:
  16               		.section	.text.EVENT_USB_Device_Disconnect,"ax",@progbits
  17               	.global	EVENT_USB_Device_Disconnect
  19               	EVENT_USB_Device_Disconnect:
  20               	.LFB103:
  21               	.LSM0:
  22               	/* prologue: function */
  23               	/* frame size = 0 */
  24               	/* epilogue start */
  25               	.LSM1:
  26 0000 0895      		ret
  27               	.LFE103:
  29               		.section	.text.initRTC,"ax",@progbits
  30               	.global	initRTC
  32               	initRTC:
  33               	.LFB106:
  34               	.LSM2:
  35               	/* prologue: function */
  36               	/* frame size = 0 */
  37               	.LSM3:
  38 0000 E1E8      		ldi r30,lo8(129)
  39 0002 F0E0      		ldi r31,hi8(129)
  40 0004 8081      		ld r24,Z
  41 0006 8860      		ori r24,lo8(8)
  42 0008 8083      		st Z,r24
  43               	.LSM4:
  44 000a 80E4      		ldi r24,lo8(8000)
  45 000c 9FE1      		ldi r25,hi8(8000)
  46 000e 9093 8900 		sts (136)+1,r25
  47 0012 8093 8800 		sts 136,r24
  48               	.LSM5:
  49 0016 8081      		ld r24,Z
  50 0018 8160      		ori r24,lo8(1)
  51 001a 8083      		st Z,r24
  52               	.LSM6:
  53 001c EFE6      		ldi r30,lo8(111)
  54 001e F0E0      		ldi r31,hi8(111)
  55 0020 8081      		ld r24,Z
  56 0022 8260      		ori r24,lo8(2)
  57 0024 8083      		st Z,r24
  58               	.LSM7:
  59               	/* #APP */
  60               	 ;  152 "MCB.c" 1
  61 0026 7894      		sei
  62               	 ;  0 "" 2
  63               	/* epilogue start */
  64               	.LSM8:
  65               	/* #NOAPP */
  66 0028 0895      		ret
  67               	.LFE106:
  69               		.section	.text.millis,"ax",@progbits
  70               	.global	millis
  72               	millis:
  73               	.LFB108:
  74               	.LSM9:
  75               	/* prologue: function */
  76               	/* frame size = 0 */
  77               	.LSM10:
  78 0000 2091 0000 		lds r18,halfMillis
  79 0004 3091 0000 		lds r19,(halfMillis)+1
  80 0008 3695      		lsr r19
  81 000a 2795      		ror r18
  82               	.LSM11:
  83 000c C901      		movw r24,r18
  84               	/* epilogue start */
  85 000e 0895      		ret
  86               	.LFE108:
  88               		.section	.text.__vector_17,"ax",@progbits
  89               	.global	__vector_17
  91               	__vector_17:
  92               	.LFB107:
  93               	.LSM12:
  94 0000 1F92      		push __zero_reg__
  95 0002 0F92      		push r0
  96 0004 0FB6      		in r0,__SREG__
  97 0006 0F92      		push r0
  98 0008 1124      		clr __zero_reg__
  99 000a 0F93      		push r16
 100 000c 1F93      		push r17
 101 000e 2F93      		push r18
 102 0010 3F93      		push r19
 103 0012 4F93      		push r20
 104 0014 5F93      		push r21
 105 0016 6F93      		push r22
 106 0018 7F93      		push r23
 107 001a 8F93      		push r24
 108 001c 9F93      		push r25
 109 001e AF93      		push r26
 110 0020 BF93      		push r27
 111 0022 EF93      		push r30
 112 0024 FF93      		push r31
 113               	/* prologue: Signal */
 114               	/* frame size = 0 */
 115               	.LSM13:
 116 0026 00E0      		ldi r16,lo8(VirtualSerial_CDC_Interface)
 117 0028 10E0      		ldi r17,hi8(VirtualSerial_CDC_Interface)
 118 002a C801      		movw r24,r16
 119 002c 0E94 0000 		call CDC_Device_ReceiveByte
 120               	.LSM14:
 121 0030 C801      		movw r24,r16
 122 0032 0E94 0000 		call CDC_Device_USBTask
 123               	.LSM15:
 124 0036 0E94 0000 		call USB_USBTask
 125               	.LSM16:
 126 003a 8091 0000 		lds r24,halfMillis
 127 003e 9091 0000 		lds r25,(halfMillis)+1
 128 0042 0196      		adiw r24,1
 129 0044 9093 0000 		sts (halfMillis)+1,r25
 130 0048 8093 0000 		sts halfMillis,r24
 131               	/* epilogue start */
 132               	.LSM17:
 133 004c FF91      		pop r31
 134 004e EF91      		pop r30
 135 0050 BF91      		pop r27
 136 0052 AF91      		pop r26
 137 0054 9F91      		pop r25
 138 0056 8F91      		pop r24
 139 0058 7F91      		pop r23
 140 005a 6F91      		pop r22
 141 005c 5F91      		pop r21
 142 005e 4F91      		pop r20
 143 0060 3F91      		pop r19
 144 0062 2F91      		pop r18
 145 0064 1F91      		pop r17
 146 0066 0F91      		pop r16
 147 0068 0F90      		pop r0
 148 006a 0FBE      		out __SREG__,r0
 149 006c 0F90      		pop r0
 150 006e 1F90      		pop __zero_reg__
 151 0070 1895      		reti
 152               	.LFE107:
 154               		.section	.text.EVENT_USB_Device_ControlRequest,"ax",@progbits
 155               	.global	EVENT_USB_Device_ControlRequest
 157               	EVENT_USB_Device_ControlRequest:
 158               	.LFB105:
 159               	.LSM18:
 160               	/* prologue: function */
 161               	/* frame size = 0 */
 162               	.LSM19:
 163 0000 80E0      		ldi r24,lo8(VirtualSerial_CDC_Interface)
 164 0002 90E0      		ldi r25,hi8(VirtualSerial_CDC_Interface)
 165 0004 0E94 0000 		call CDC_Device_ProcessControlRequest
 166               	/* epilogue start */
 167               	.LSM20:
 168 0008 0895      		ret
 169               	.LFE105:
 171               		.section	.text.EVENT_USB_Device_ConfigurationChanged,"ax",@progbits
 172               	.global	EVENT_USB_Device_ConfigurationChanged
 174               	EVENT_USB_Device_ConfigurationChanged:
 175               	.LFB104:
 176               	.LSM21:
 177               	/* prologue: function */
 178               	/* frame size = 0 */
 179               	.LSM22:
 180 0000 80E0      		ldi r24,lo8(VirtualSerial_CDC_Interface)
 181 0002 90E0      		ldi r25,hi8(VirtualSerial_CDC_Interface)
 182 0004 0E94 0000 		call CDC_Device_ConfigureEndpoints
 183               	/* epilogue start */
 184               	.LSM23:
 185 0008 0895      		ret
 186               	.LFE104:
 188               		.section	.text.SetupHardware,"ax",@progbits
 189               	.global	SetupHardware
 191               	SetupHardware:
 192               	.LFB102:
 193               	.LSM24:
 194               	/* prologue: function */
 195               	/* frame size = 0 */
 196               	.LSM25:
 197 0000 84B7      		in r24,84-32
 198 0002 877F      		andi r24,lo8(-9)
 199 0004 84BF      		out 84-32,r24
 200               	.LSM26:
 201 0006 88E1      		ldi r24,lo8(24)
 202               	/* #APP */
 203               	 ;  113 "MCB.c" 1
 204 0008 0FB6      		in __tmp_reg__, __SREG__
 205 000a F894      		cli
 206 000c 8093 6000 		sts 96, r24
 207 0010 1092 6000 		sts 96, __zero_reg__
 208 0014 0FBE      		out __SREG__,__tmp_reg__
 209               		
 210               	 ;  0 "" 2
 211               	/* #NOAPP */
 212               	.LBB4:
 213               	.LBB5:
 214               	.LSM27:
 215 0016 90E0      		ldi r25,lo8(0)
 216 0018 80E8      		ldi r24,lo8(-128)
 217               	/* #APP */
 218               	 ;  1394 "/usr/lib/gcc/avr/4.3.5/../../../avr/include/avr/power.h" 1
 219 001a 0FB6      		in __tmp_reg__,__SREG__
 220 001c F894      		cli
 221 001e 8093 6100 		sts 97, r24
 222 0022 9093 6100 		sts 97, r25
 223 0026 0FBE      		out __SREG__, __tmp_reg__
 224               	 ;  0 "" 2
 225               	/* #NOAPP */
 226               	.LBE5:
 227               	.LBE4:
 228               	.LSM28:
 229 0028 0E94 0000 		call USB_Init
 230               	/* epilogue start */
 231               	.LSM29:
 232 002c 0895      		ret
 233               	.LFE102:
 235               		.data
 236               	.LC0:
 237 0000 696E 6974 		.string	"initializing timer: "
 237      6961 6C69 
 237      7A69 6E67 
 237      2074 696D 
 237      6572 3A20 
 238               	.LC1:
 239 0015 2564 00   		.string	"%d"
 240               		.section	.text.main,"ax",@progbits
 241               	.global	main
 243               	main:
 244               	.LFB101:
 245               	.LSM30:
 246 0000 CF93      		push r28
 247 0002 DF93      		push r29
 248               	/* prologue: function */
 249               	/* frame size = 0 */
 250               	.LSM31:
 251 0004 0E94 0000 		call SetupHardware
 252               	.LSM32:
 253 0008 80E0      		ldi r24,lo8(VirtualSerial_CDC_Interface)
 254 000a 90E0      		ldi r25,hi8(VirtualSerial_CDC_Interface)
 255 000c 60E0      		ldi r22,lo8(USBSerialStream)
 256 000e 70E0      		ldi r23,hi8(USBSerialStream)
 257 0010 0E94 0000 		call CDC_Device_CreateBlockingStream
 258               	.LSM33:
 259               	/* #APP */
 260               	 ;  82 "MCB.c" 1
 261 0014 7894      		sei
 262               	 ;  0 "" 2
 263               	.LSM34:
 264               	/* #NOAPP */
 265 0016 80E0      		ldi r24,lo8(USBSerialStream)
 266 0018 90E0      		ldi r25,hi8(USBSerialStream)
 267 001a 9093 0000 		sts (__iob+2)+1,r25
 268 001e 8093 0000 		sts __iob+2,r24
 269               	.LSM35:
 270 0022 9093 0000 		sts (__iob)+1,r25
 271 0026 8093 0000 		sts __iob,r24
 272               	.LSM36:
 273 002a 80E0      		ldi r24,lo8(.LC0)
 274 002c 90E0      		ldi r25,hi8(.LC0)
 275 002e 0E94 0000 		call puts
 276               	.LSM37:
 277 0032 0E94 0000 		call initRTC
 278               	.LSM38:
 279 0036 C0E0      		ldi r28,lo8(.LC1)
 280 0038 D0E0      		ldi r29,hi8(.LC1)
 281               	.L16:
 282 003a 0E94 0000 		call millis
 283 003e 00D0      		rcall .
 284 0040 00D0      		rcall .
 285 0042 EDB7      		in r30,__SP_L__
 286 0044 FEB7      		in r31,__SP_H__
 287 0046 D283      		std Z+2,r29
 288 0048 C183      		std Z+1,r28
 289 004a 9483      		std Z+4,r25
 290 004c 8383      		std Z+3,r24
 291 004e 0E94 0000 		call printf
 292 0052 0F90      		pop __tmp_reg__
 293 0054 0F90      		pop __tmp_reg__
 294 0056 0F90      		pop __tmp_reg__
 295 0058 0F90      		pop __tmp_reg__
 296 005a 00C0      		rjmp .L16
 297               	.LFE101:
 299               	.global	halfMillis
 300               	.global	halfMillis
 301               		.section .bss
 304               	halfMillis:
 305 0000 0000      		.skip 2,0
 306               	.global	VirtualSerial_CDC_Interface
 307               		.data
 310               	VirtualSerial_CDC_Interface:
 311 0018 00        		.byte	0
 312 0019 03        		.byte	3
 313 001a 1000      		.word	16
 314 001c 00        		.byte	0
 315 001d 04        		.byte	4
 316 001e 1000      		.word	16
 317 0020 00        		.byte	0
 318 0021 02        		.byte	2
 319 0022 0800      		.word	8
 320 0024 00        		.byte	0
 321 0025 0000 0000 		.skip 11,0
 321      0000 0000 
 321      0000 00
 322               		.lcomm USBSerialStream,14
 403               	.Letext0:
DEFINED SYMBOLS
                            *ABS*:00000000 MCB.c
     /tmp/ccMXooe4.s:2      *ABS*:0000003f __SREG__
     /tmp/ccMXooe4.s:3      *ABS*:0000003e __SP_H__
     /tmp/ccMXooe4.s:4      *ABS*:0000003d __SP_L__
     /tmp/ccMXooe4.s:5      *ABS*:00000034 __CCP__
     /tmp/ccMXooe4.s:6      *ABS*:00000000 __tmp_reg__
     /tmp/ccMXooe4.s:7      *ABS*:00000001 __zero_reg__
     /tmp/ccMXooe4.s:19     .text.EVENT_USB_Device_Disconnect:00000000 EVENT_USB_Device_Disconnect
     /tmp/ccMXooe4.s:32     .text.initRTC:00000000 initRTC
     /tmp/ccMXooe4.s:72     .text.millis:00000000 millis
     /tmp/ccMXooe4.s:304    .bss:00000000 halfMillis
     /tmp/ccMXooe4.s:91     .text.__vector_17:00000000 __vector_17
     /tmp/ccMXooe4.s:310    .data:00000018 VirtualSerial_CDC_Interface
     /tmp/ccMXooe4.s:157    .text.EVENT_USB_Device_ControlRequest:00000000 EVENT_USB_Device_ControlRequest
     /tmp/ccMXooe4.s:174    .text.EVENT_USB_Device_ConfigurationChanged:00000000 EVENT_USB_Device_ConfigurationChanged
     /tmp/ccMXooe4.s:191    .text.SetupHardware:00000000 SetupHardware
     /tmp/ccMXooe4.s:243    .text.main:00000000 main
                             .bss:00000002 USBSerialStream

UNDEFINED SYMBOLS
CDC_Device_ReceiveByte
CDC_Device_USBTask
USB_USBTask
CDC_Device_ProcessControlRequest
CDC_Device_ConfigureEndpoints
USB_Init
CDC_Device_CreateBlockingStream
__iob
puts
printf
__do_copy_data
__do_clear_bss
