Archive member included because of file (symbol)

/usr/lib/gcc/avr/4.3.5/avr5/libgcc.a(_exit.o)
                              /usr/lib/gcc/avr/4.3.5/../../../avr/lib/avr5/crtm32u4.o (exit)
/usr/lib/gcc/avr/4.3.5/avr5/libgcc.a(_copy_data.o)
                              MCB.o (__do_copy_data)
/usr/lib/gcc/avr/4.3.5/avr5/libgcc.a(_clear_bss.o)
                              MCB.o (__do_clear_bss)
/usr/lib/gcc/avr/4.3.5/../../../avr/lib/avr5/libc.a(memcpy_P.o)
                              ../LUFA/Drivers/USB/Class/Device/RNDISClassDevice.o (memcpy_P)
/usr/lib/gcc/avr/4.3.5/../../../avr/lib/avr5/libc.a(memcmp.o)
                              ../LUFA/Drivers/USB/Class/Device/HIDClassDevice.o (memcmp)
/usr/lib/gcc/avr/4.3.5/../../../avr/lib/avr5/libc.a(memcpy.o)
                              ../LUFA/Drivers/USB/Class/Device/HIDClassDevice.o (memcpy)
/usr/lib/gcc/avr/4.3.5/../../../avr/lib/avr5/libc.a(memset.o)
                              ../LUFA/Drivers/USB/Class/Device/HIDClassDevice.o (memset)
/usr/lib/gcc/avr/4.3.5/../../../avr/lib/avr5/libc.a(iob.o)
                              MCB.o (__iob)
/usr/lib/gcc/avr/4.3.5/../../../avr/lib/avr5/libc.a(printf.o)
                              MCB.o (printf)
/usr/lib/gcc/avr/4.3.5/../../../avr/lib/avr5/libc.a(puts.o)
                              MCB.o (puts)
/usr/lib/gcc/avr/4.3.5/../../../avr/lib/avr5/libc.a(vfprintf_std.o)
                              /usr/lib/gcc/avr/4.3.5/../../../avr/lib/avr5/libc.a(printf.o) (vfprintf)
/usr/lib/gcc/avr/4.3.5/../../../avr/lib/avr5/libc.a(eerd_byte_atmega32u4.o)
                              ../LUFA/Drivers/USB/Core/AVR8/EndpointStream_AVR8.o (__eerd_byte_m32u4)
/usr/lib/gcc/avr/4.3.5/../../../avr/lib/avr5/libc.a(eeupd_byte_atmega32u4.o)
                              ../LUFA/Drivers/USB/Core/AVR8/EndpointStream_AVR8.o (__eeupd_byte_m32u4)
/usr/lib/gcc/avr/4.3.5/../../../avr/lib/avr5/libc.a(strnlen_P.o)
                              /usr/lib/gcc/avr/4.3.5/../../../avr/lib/avr5/libc.a(vfprintf_std.o) (strnlen_P)
/usr/lib/gcc/avr/4.3.5/../../../avr/lib/avr5/libc.a(strnlen.o)
                              /usr/lib/gcc/avr/4.3.5/../../../avr/lib/avr5/libc.a(vfprintf_std.o) (strnlen)
/usr/lib/gcc/avr/4.3.5/../../../avr/lib/avr5/libc.a(fputc.o)
                              /usr/lib/gcc/avr/4.3.5/../../../avr/lib/avr5/libc.a(vfprintf_std.o) (fputc)
/usr/lib/gcc/avr/4.3.5/../../../avr/lib/avr5/libc.a(ultoa_invert.o)
                              /usr/lib/gcc/avr/4.3.5/../../../avr/lib/avr5/libc.a(vfprintf_std.o) (__ultoa_invert)
/usr/lib/gcc/avr/4.3.5/avr5/libgcc.a(_prologue.o)
                              /usr/lib/gcc/avr/4.3.5/../../../avr/lib/avr5/libc.a(printf.o) (__prologue_saves__)
/usr/lib/gcc/avr/4.3.5/avr5/libgcc.a(_epilogue.o)
                              /usr/lib/gcc/avr/4.3.5/../../../avr/lib/avr5/libc.a(printf.o) (__epilogue_restores__)

Allocating common symbols
Common symbol       size              file

USB_IsInitialized   0x1               ../LUFA/Drivers/USB/Core/USBTask.o
USB_DeviceState     0x1               ../LUFA/Drivers/USB/Core/USBTask.o
USB_Device_ConfigurationNumber
                    0x1               ../LUFA/Drivers/USB/Core/DeviceStandardReq.o
USB_Device_CurrentlySelfPowered
                    0x1               ../LUFA/Drivers/USB/Core/DeviceStandardReq.o
USB_ControlRequest  0x8               ../LUFA/Drivers/USB/Core/USBTask.o
USB_Device_RemoteWakeupEnabled
                    0x1               ../LUFA/Drivers/USB/Core/DeviceStandardReq.o
__iob               0x6               /usr/lib/gcc/avr/4.3.5/../../../avr/lib/avr5/libc.a(iob.o)

Discarded input sections

 .data          0x00000000        0x0 /usr/lib/gcc/avr/4.3.5/../../../avr/lib/avr5/crtm32u4.o
 .bss           0x00000000        0x0 /usr/lib/gcc/avr/4.3.5/../../../avr/lib/avr5/crtm32u4.o
 .text          0x00000000        0x0 MCB.o
 .text          0x00000000        0x0 Descriptors.o
 .data          0x00000000        0x0 Descriptors.o
 .bss           0x00000000        0x0 Descriptors.o
 .text          0x00000000        0x0 ../LUFA/Drivers/USB/Core/AVR8/Device_AVR8.o
 .data          0x00000000        0x0 ../LUFA/Drivers/USB/Core/AVR8/Device_AVR8.o
 .bss           0x00000000        0x0 ../LUFA/Drivers/USB/Core/AVR8/Device_AVR8.o
 .text.USB_Device_SendRemoteWakeup
                0x00000000       0x2c ../LUFA/Drivers/USB/Core/AVR8/Device_AVR8.o
 .text          0x00000000        0x0 ../LUFA/Drivers/USB/Core/AVR8/Endpoint_AVR8.o
 .data          0x00000000        0x0 ../LUFA/Drivers/USB/Core/AVR8/Endpoint_AVR8.o
 .bss           0x00000000        0x0 ../LUFA/Drivers/USB/Core/AVR8/Endpoint_AVR8.o
 .text.Endpoint_ClearEndpoints
                0x00000000       0x28 ../LUFA/Drivers/USB/Core/AVR8/Endpoint_AVR8.o
 .text          0x00000000        0x0 ../LUFA/Drivers/USB/Core/AVR8/Host_AVR8.o
 .data          0x00000000        0x0 ../LUFA/Drivers/USB/Core/AVR8/Host_AVR8.o
 .bss           0x00000000        0x0 ../LUFA/Drivers/USB/Core/AVR8/Host_AVR8.o
 .text          0x00000000        0x0 ../LUFA/Drivers/USB/Core/AVR8/Pipe_AVR8.o
 .data          0x00000000        0x0 ../LUFA/Drivers/USB/Core/AVR8/Pipe_AVR8.o
 .bss           0x00000000        0x0 ../LUFA/Drivers/USB/Core/AVR8/Pipe_AVR8.o
 .text          0x00000000        0x0 ../LUFA/Drivers/USB/Core/AVR8/USBController_AVR8.o
 .data          0x00000000        0x0 ../LUFA/Drivers/USB/Core/AVR8/USBController_AVR8.o
 .bss           0x00000000        0x0 ../LUFA/Drivers/USB/Core/AVR8/USBController_AVR8.o
 .text.USB_Disable
                0x00000000       0x34 ../LUFA/Drivers/USB/Core/AVR8/USBController_AVR8.o
 .text          0x00000000        0x0 ../LUFA/Drivers/USB/Core/AVR8/USBInterrupt_AVR8.o
 .data          0x00000000        0x0 ../LUFA/Drivers/USB/Core/AVR8/USBInterrupt_AVR8.o
 .bss           0x00000000        0x0 ../LUFA/Drivers/USB/Core/AVR8/USBInterrupt_AVR8.o
 .text          0x00000000        0x0 ../LUFA/Drivers/USB/Core/AVR8/EndpointStream_AVR8.o
 .data          0x00000000        0x0 ../LUFA/Drivers/USB/Core/AVR8/EndpointStream_AVR8.o
 .bss           0x00000000        0x0 ../LUFA/Drivers/USB/Core/AVR8/EndpointStream_AVR8.o
 .text.Endpoint_Write_Control_Stream_BE
                0x00000000       0xd4 ../LUFA/Drivers/USB/Core/AVR8/EndpointStream_AVR8.o
 .text.Endpoint_Read_Control_Stream_LE
                0x00000000       0x8c ../LUFA/Drivers/USB/Core/AVR8/EndpointStream_AVR8.o
 .text.Endpoint_Read_Control_Stream_BE
                0x00000000       0x9c ../LUFA/Drivers/USB/Core/AVR8/EndpointStream_AVR8.o
 .text.Endpoint_Write_Control_PStream_BE
                0x00000000       0xd6 ../LUFA/Drivers/USB/Core/AVR8/EndpointStream_AVR8.o
 .text.Endpoint_Read_Control_EStream_BE
                0x00000000       0xc2 ../LUFA/Drivers/USB/Core/AVR8/EndpointStream_AVR8.o
 .text.Endpoint_Read_Control_EStream_LE
                0x00000000       0xb0 ../LUFA/Drivers/USB/Core/AVR8/EndpointStream_AVR8.o
 .text.Endpoint_Write_Control_EStream_BE
                0x00000000       0xfe ../LUFA/Drivers/USB/Core/AVR8/EndpointStream_AVR8.o
 .text.Endpoint_Write_Control_EStream_LE
                0x00000000       0xf4 ../LUFA/Drivers/USB/Core/AVR8/EndpointStream_AVR8.o
 .text.Endpoint_Null_Stream
                0x00000000       0x88 ../LUFA/Drivers/USB/Core/AVR8/EndpointStream_AVR8.o
 .text.Endpoint_Discard_Stream
                0x00000000       0x88 ../LUFA/Drivers/USB/Core/AVR8/EndpointStream_AVR8.o
 .text.Endpoint_Read_EStream_BE
                0x00000000       0xac ../LUFA/Drivers/USB/Core/AVR8/EndpointStream_AVR8.o
 .text.Endpoint_Read_EStream_LE
                0x00000000       0xb0 ../LUFA/Drivers/USB/Core/AVR8/EndpointStream_AVR8.o
 .text.Endpoint_Write_EStream_BE
                0x00000000       0xac ../LUFA/Drivers/USB/Core/AVR8/EndpointStream_AVR8.o
 .text.Endpoint_Write_EStream_LE
                0x00000000       0xb0 ../LUFA/Drivers/USB/Core/AVR8/EndpointStream_AVR8.o
 .text.Endpoint_Write_PStream_BE
                0x00000000       0xaa ../LUFA/Drivers/USB/Core/AVR8/EndpointStream_AVR8.o
 .text.Endpoint_Write_PStream_LE
                0x00000000       0xae ../LUFA/Drivers/USB/Core/AVR8/EndpointStream_AVR8.o
 .text.Endpoint_Read_Stream_BE
                0x00000000       0xaa ../LUFA/Drivers/USB/Core/AVR8/EndpointStream_AVR8.o
 .text.Endpoint_Read_Stream_LE
                0x00000000       0xaa ../LUFA/Drivers/USB/Core/AVR8/EndpointStream_AVR8.o
 .text.Endpoint_Write_Stream_BE
                0x00000000       0xaa ../LUFA/Drivers/USB/Core/AVR8/EndpointStream_AVR8.o
 .text.Endpoint_Write_Stream_LE
                0x00000000       0xaa ../LUFA/Drivers/USB/Core/AVR8/EndpointStream_AVR8.o
 .text          0x00000000        0x0 ../LUFA/Drivers/USB/Core/AVR8/PipeStream_AVR8.o
 .data          0x00000000        0x0 ../LUFA/Drivers/USB/Core/AVR8/PipeStream_AVR8.o
 .bss           0x00000000        0x0 ../LUFA/Drivers/USB/Core/AVR8/PipeStream_AVR8.o
 .text          0x00000000        0x0 ../LUFA/Drivers/USB/Core/ConfigDescriptor.o
 .data          0x00000000        0x0 ../LUFA/Drivers/USB/Core/ConfigDescriptor.o
 .bss           0x00000000        0x0 ../LUFA/Drivers/USB/Core/ConfigDescriptor.o
 .text.USB_GetNextDescriptorOfType
                0x00000000       0x4e ../LUFA/Drivers/USB/Core/ConfigDescriptor.o
 .text.USB_GetNextDescriptorOfTypeBefore
                0x00000000       0x58 ../LUFA/Drivers/USB/Core/ConfigDescriptor.o
 .text.USB_GetNextDescriptorOfTypeAfter
                0x00000000       0x34 ../LUFA/Drivers/USB/Core/ConfigDescriptor.o
 .text.USB_GetNextDescriptorComp
                0x00000000       0x88 ../LUFA/Drivers/USB/Core/ConfigDescriptor.o
 .text          0x00000000        0x0 ../LUFA/Drivers/USB/Core/DeviceStandardReq.o
 .data          0x00000000        0x0 ../LUFA/Drivers/USB/Core/DeviceStandardReq.o
 .bss           0x00000000        0x0 ../LUFA/Drivers/USB/Core/DeviceStandardReq.o
 .text          0x00000000        0x0 ../LUFA/Drivers/USB/Core/Events.o
 .data          0x00000000        0x0 ../LUFA/Drivers/USB/Core/Events.o
 .bss           0x00000000        0x0 ../LUFA/Drivers/USB/Core/Events.o
 .text          0x00000000        0x0 ../LUFA/Drivers/USB/Core/HostStandardReq.o
 .data          0x00000000        0x0 ../LUFA/Drivers/USB/Core/HostStandardReq.o
 .bss           0x00000000        0x0 ../LUFA/Drivers/USB/Core/HostStandardReq.o
 .text          0x00000000        0x0 ../LUFA/Drivers/USB/Core/USBTask.o
 .data          0x00000000        0x0 ../LUFA/Drivers/USB/Core/USBTask.o
 .bss           0x00000000        0x0 ../LUFA/Drivers/USB/Core/USBTask.o
 .text          0x00000000        0x0 ../LUFA/Drivers/USB/Class/Common/HIDParser.o
 .data          0x00000000        0x0 ../LUFA/Drivers/USB/Class/Common/HIDParser.o
 .bss           0x00000000        0x0 ../LUFA/Drivers/USB/Class/Common/HIDParser.o
 .text.USB_GetHIDReportItemInfo
                0x00000000       0xce ../LUFA/Drivers/USB/Class/Common/HIDParser.o
 .text.USB_SetHIDReportItemInfo
                0x00000000       0xd8 ../LUFA/Drivers/USB/Class/Common/HIDParser.o
 .text.USB_GetHIDReportSize
                0x00000000       0x56 ../LUFA/Drivers/USB/Class/Common/HIDParser.o
 .text.USB_ProcessHIDReport
                0x00000000      0x808 ../LUFA/Drivers/USB/Class/Common/HIDParser.o
 .text          0x00000000        0x0 ../LUFA/Drivers/USB/Class/Device/AudioClassDevice.o
 .data          0x00000000        0x0 ../LUFA/Drivers/USB/Class/Device/AudioClassDevice.o
 .bss           0x00000000        0x0 ../LUFA/Drivers/USB/Class/Device/AudioClassDevice.o
 .text.Audio_Device_Event_Stub
                0x00000000        0x2 ../LUFA/Drivers/USB/Class/Device/AudioClassDevice.o
 .text.Audio_Device_ConfigureEndpoints
                0x00000000       0x62 ../LUFA/Drivers/USB/Class/Device/AudioClassDevice.o
 .text.Audio_Device_ProcessControlRequest
                0x00000000      0x2fc ../LUFA/Drivers/USB/Class/Device/AudioClassDevice.o
 .text          0x00000000        0x0 ../LUFA/Drivers/USB/Class/Device/CDCClassDevice.o
 .data          0x00000000        0x8 ../LUFA/Drivers/USB/Class/Device/CDCClassDevice.o
 .bss           0x00000000        0x0 ../LUFA/Drivers/USB/Class/Device/CDCClassDevice.o
 .text.CDC_Device_BytesReceived
                0x00000000       0x68 ../LUFA/Drivers/USB/Class/Device/CDCClassDevice.o
 .text.CDC_Device_CreateStream
                0x00000000       0x26 ../LUFA/Drivers/USB/Class/Device/CDCClassDevice.o
 .text.CDC_Device_getchar
                0x00000000       0x18 ../LUFA/Drivers/USB/Class/Device/CDCClassDevice.o
 .text.CDC_Device_SendControlLineStateChange
                0x00000000       0x8c ../LUFA/Drivers/USB/Class/Device/CDCClassDevice.o
 .text.CDC_Device_SendData
                0x00000000       0x32 ../LUFA/Drivers/USB/Class/Device/CDCClassDevice.o
 .text.CDC_Device_SendString
                0x00000000       0x40 ../LUFA/Drivers/USB/Class/Device/CDCClassDevice.o
 .text          0x00000000        0x0 ../LUFA/Drivers/USB/Class/Device/HIDClassDevice.o
 .data          0x00000000        0x0 ../LUFA/Drivers/USB/Class/Device/HIDClassDevice.o
 .bss           0x00000000        0x0 ../LUFA/Drivers/USB/Class/Device/HIDClassDevice.o
 .text.HID_Device_USBTask
                0x00000000      0x1a2 ../LUFA/Drivers/USB/Class/Device/HIDClassDevice.o
 .text.HID_Device_ConfigureEndpoints
                0x00000000       0x72 ../LUFA/Drivers/USB/Class/Device/HIDClassDevice.o
 .text.HID_Device_ProcessControlRequest
                0x00000000      0x298 ../LUFA/Drivers/USB/Class/Device/HIDClassDevice.o
 .text          0x00000000        0x0 ../LUFA/Drivers/USB/Class/Device/MassStorageClassDevice.o
 .data          0x00000000        0x0 ../LUFA/Drivers/USB/Class/Device/MassStorageClassDevice.o
 .bss           0x00000000        0x0 ../LUFA/Drivers/USB/Class/Device/MassStorageClassDevice.o
 .text.MS_Device_USBTask
                0x00000000      0x254 ../LUFA/Drivers/USB/Class/Device/MassStorageClassDevice.o
 .text.MS_Device_ConfigureEndpoints
                0x00000000       0x7e ../LUFA/Drivers/USB/Class/Device/MassStorageClassDevice.o
 .text.MS_Device_ProcessControlRequest
                0x00000000       0x7e ../LUFA/Drivers/USB/Class/Device/MassStorageClassDevice.o
 .text          0x00000000        0x0 ../LUFA/Drivers/USB/Class/Device/MIDIClassDevice.o
 .data          0x00000000        0x0 ../LUFA/Drivers/USB/Class/Device/MIDIClassDevice.o
 .bss           0x00000000        0x0 ../LUFA/Drivers/USB/Class/Device/MIDIClassDevice.o
 .text.MIDI_Device_ReceiveEventPacket
                0x00000000       0x40 ../LUFA/Drivers/USB/Class/Device/MIDIClassDevice.o
 .text.MIDI_Device_Flush
                0x00000000       0x3e ../LUFA/Drivers/USB/Class/Device/MIDIClassDevice.o
 .text.MIDI_Device_USBTask
                0x00000000       0x12 ../LUFA/Drivers/USB/Class/Device/MIDIClassDevice.o
 .text.MIDI_Device_SendEventPacket
                0x00000000       0x3e ../LUFA/Drivers/USB/Class/Device/MIDIClassDevice.o
 .text.MIDI_Device_ConfigureEndpoints
                0x00000000       0x72 ../LUFA/Drivers/USB/Class/Device/MIDIClassDevice.o
 .text          0x00000000        0x0 ../LUFA/Drivers/USB/Class/Device/RNDISClassDevice.o
 .data          0x00000000        0x8 ../LUFA/Drivers/USB/Class/Device/RNDISClassDevice.o
 .bss           0x00000000        0x0 ../LUFA/Drivers/USB/Class/Device/RNDISClassDevice.o
 .text.RNDIS_Device_IsPacketReceived
                0x00000000       0x34 ../LUFA/Drivers/USB/Class/Device/RNDISClassDevice.o
 .text.RNDIS_Device_SendPacket
                0x00000000       0xe8 ../LUFA/Drivers/USB/Class/Device/RNDISClassDevice.o
 .text.RNDIS_Device_USBTask
                0x00000000       0x8c ../LUFA/Drivers/USB/Class/Device/RNDISClassDevice.o
 .text.RNDIS_Device_ReadPacket
                0x00000000       0xbe ../LUFA/Drivers/USB/Class/Device/RNDISClassDevice.o
 .text.RNDIS_Device_ConfigureEndpoints
                0x00000000       0xa2 ../LUFA/Drivers/USB/Class/Device/RNDISClassDevice.o
 .text.RNDIS_Device_ProcessControlRequest
                0x00000000      0x598 ../LUFA/Drivers/USB/Class/Device/RNDISClassDevice.o
 .progmem.data  0x00000000       0x6c ../LUFA/Drivers/USB/Class/Device/RNDISClassDevice.o
 .text          0x00000000        0x0 ../LUFA/Drivers/USB/Class/Host/AndroidAccessoryClassHost.o
 .data          0x00000000        0x0 ../LUFA/Drivers/USB/Class/Host/AndroidAccessoryClassHost.o
 .bss           0x00000000        0x0 ../LUFA/Drivers/USB/Class/Host/AndroidAccessoryClassHost.o
 .text          0x00000000        0x0 ../LUFA/Drivers/USB/Class/Host/AudioClassHost.o
 .data          0x00000000        0x0 ../LUFA/Drivers/USB/Class/Host/AudioClassHost.o
 .bss           0x00000000        0x0 ../LUFA/Drivers/USB/Class/Host/AudioClassHost.o
 .text          0x00000000        0x0 ../LUFA/Drivers/USB/Class/Host/CDCClassHost.o
 .data          0x00000000        0x0 ../LUFA/Drivers/USB/Class/Host/CDCClassHost.o
 .bss           0x00000000        0x0 ../LUFA/Drivers/USB/Class/Host/CDCClassHost.o
 .text          0x00000000        0x0 ../LUFA/Drivers/USB/Class/Host/HIDClassHost.o
 .data          0x00000000        0x0 ../LUFA/Drivers/USB/Class/Host/HIDClassHost.o
 .bss           0x00000000        0x0 ../LUFA/Drivers/USB/Class/Host/HIDClassHost.o
 .text          0x00000000        0x0 ../LUFA/Drivers/USB/Class/Host/MassStorageClassHost.o
 .data          0x00000000        0x0 ../LUFA/Drivers/USB/Class/Host/MassStorageClassHost.o
 .bss           0x00000000        0x0 ../LUFA/Drivers/USB/Class/Host/MassStorageClassHost.o
 .text          0x00000000        0x0 ../LUFA/Drivers/USB/Class/Host/MIDIClassHost.o
 .data          0x00000000        0x0 ../LUFA/Drivers/USB/Class/Host/MIDIClassHost.o
 .bss           0x00000000        0x0 ../LUFA/Drivers/USB/Class/Host/MIDIClassHost.o
 .text          0x00000000        0x0 ../LUFA/Drivers/USB/Class/Host/PrinterClassHost.o
 .data          0x00000000        0x0 ../LUFA/Drivers/USB/Class/Host/PrinterClassHost.o
 .bss           0x00000000        0x0 ../LUFA/Drivers/USB/Class/Host/PrinterClassHost.o
 .text          0x00000000        0x0 ../LUFA/Drivers/USB/Class/Host/RNDISClassHost.o
 .data          0x00000000        0x0 ../LUFA/Drivers/USB/Class/Host/RNDISClassHost.o
 .bss           0x00000000        0x0 ../LUFA/Drivers/USB/Class/Host/RNDISClassHost.o
 .text          0x00000000        0x0 ../LUFA/Drivers/USB/Class/Host/StillImageClassHost.o
 .data          0x00000000        0x0 ../LUFA/Drivers/USB/Class/Host/StillImageClassHost.o
 .bss           0x00000000        0x0 ../LUFA/Drivers/USB/Class/Host/StillImageClassHost.o
 .text          0x00000000        0x0 /usr/lib/gcc/avr/4.3.5/avr5/libgcc.a(_exit.o)
 .data          0x00000000        0x0 /usr/lib/gcc/avr/4.3.5/avr5/libgcc.a(_exit.o)
 .bss           0x00000000        0x0 /usr/lib/gcc/avr/4.3.5/avr5/libgcc.a(_exit.o)
 .text.libgcc   0x00000000        0x0 /usr/lib/gcc/avr/4.3.5/avr5/libgcc.a(_exit.o)
 .text          0x00000000        0x0 /usr/lib/gcc/avr/4.3.5/avr5/libgcc.a(_copy_data.o)
 .data          0x00000000        0x0 /usr/lib/gcc/avr/4.3.5/avr5/libgcc.a(_copy_data.o)
 .bss           0x00000000        0x0 /usr/lib/gcc/avr/4.3.5/avr5/libgcc.a(_copy_data.o)
 .text.libgcc   0x00000000        0x0 /usr/lib/gcc/avr/4.3.5/avr5/libgcc.a(_copy_data.o)
 .text          0x00000000        0x0 /usr/lib/gcc/avr/4.3.5/avr5/libgcc.a(_clear_bss.o)
 .data          0x00000000        0x0 /usr/lib/gcc/avr/4.3.5/avr5/libgcc.a(_clear_bss.o)
 .bss           0x00000000        0x0 /usr/lib/gcc/avr/4.3.5/avr5/libgcc.a(_clear_bss.o)
 .text.libgcc   0x00000000        0x0 /usr/lib/gcc/avr/4.3.5/avr5/libgcc.a(_clear_bss.o)
 .text          0x00000000        0x0 /usr/lib/gcc/avr/4.3.5/../../../avr/lib/avr5/libc.a(memcpy_P.o)
 .data          0x00000000        0x0 /usr/lib/gcc/avr/4.3.5/../../../avr/lib/avr5/libc.a(memcpy_P.o)
 .bss           0x00000000        0x0 /usr/lib/gcc/avr/4.3.5/../../../avr/lib/avr5/libc.a(memcpy_P.o)
 .text.avr-libc
                0x00000000       0x12 /usr/lib/gcc/avr/4.3.5/../../../avr/lib/avr5/libc.a(memcpy_P.o)
 .text          0x00000000        0x0 /usr/lib/gcc/avr/4.3.5/../../../avr/lib/avr5/libc.a(memcmp.o)
 .data          0x00000000        0x0 /usr/lib/gcc/avr/4.3.5/../../../avr/lib/avr5/libc.a(memcmp.o)
 .bss           0x00000000        0x0 /usr/lib/gcc/avr/4.3.5/../../../avr/lib/avr5/libc.a(memcmp.o)
 .text.avr-libc
                0x00000000       0x1a /usr/lib/gcc/avr/4.3.5/../../../avr/lib/avr5/libc.a(memcmp.o)
 .text          0x00000000        0x0 /usr/lib/gcc/avr/4.3.5/../../../avr/lib/avr5/libc.a(memcpy.o)
 .data          0x00000000        0x0 /usr/lib/gcc/avr/4.3.5/../../../avr/lib/avr5/libc.a(memcpy.o)
 .bss           0x00000000        0x0 /usr/lib/gcc/avr/4.3.5/../../../avr/lib/avr5/libc.a(memcpy.o)
 .text.avr-libc
                0x00000000       0x12 /usr/lib/gcc/avr/4.3.5/../../../avr/lib/avr5/libc.a(memcpy.o)
 .text          0x00000000        0x0 /usr/lib/gcc/avr/4.3.5/../../../avr/lib/avr5/libc.a(memset.o)
 .data          0x00000000        0x0 /usr/lib/gcc/avr/4.3.5/../../../avr/lib/avr5/libc.a(memset.o)
 .bss           0x00000000        0x0 /usr/lib/gcc/avr/4.3.5/../../../avr/lib/avr5/libc.a(memset.o)
 .text.avr-libc
                0x00000000        0xe /usr/lib/gcc/avr/4.3.5/../../../avr/lib/avr5/libc.a(memset.o)
 .text          0x00000000        0x0 /usr/lib/gcc/avr/4.3.5/../../../avr/lib/avr5/libc.a(iob.o)
 .data          0x00000000        0x0 /usr/lib/gcc/avr/4.3.5/../../../avr/lib/avr5/libc.a(iob.o)
 .bss           0x00000000        0x0 /usr/lib/gcc/avr/4.3.5/../../../avr/lib/avr5/libc.a(iob.o)
 .text          0x00000000        0x0 /usr/lib/gcc/avr/4.3.5/../../../avr/lib/avr5/libc.a(printf.o)
 .data          0x00000000        0x0 /usr/lib/gcc/avr/4.3.5/../../../avr/lib/avr5/libc.a(printf.o)
 .bss           0x00000000        0x0 /usr/lib/gcc/avr/4.3.5/../../../avr/lib/avr5/libc.a(printf.o)
 .text          0x00000000        0x0 /usr/lib/gcc/avr/4.3.5/../../../avr/lib/avr5/libc.a(puts.o)
 .data          0x00000000        0x0 /usr/lib/gcc/avr/4.3.5/../../../avr/lib/avr5/libc.a(puts.o)
 .bss           0x00000000        0x0 /usr/lib/gcc/avr/4.3.5/../../../avr/lib/avr5/libc.a(puts.o)
 .text          0x00000000        0x0 /usr/lib/gcc/avr/4.3.5/../../../avr/lib/avr5/libc.a(vfprintf_std.o)
 .data          0x00000000        0x0 /usr/lib/gcc/avr/4.3.5/../../../avr/lib/avr5/libc.a(vfprintf_std.o)
 .bss           0x00000000        0x0 /usr/lib/gcc/avr/4.3.5/../../../avr/lib/avr5/libc.a(vfprintf_std.o)
 .text          0x00000000        0x0 /usr/lib/gcc/avr/4.3.5/../../../avr/lib/avr5/libc.a(eerd_byte_atmega32u4.o)
 .data          0x00000000        0x0 /usr/lib/gcc/avr/4.3.5/../../../avr/lib/avr5/libc.a(eerd_byte_atmega32u4.o)
 .bss           0x00000000        0x0 /usr/lib/gcc/avr/4.3.5/../../../avr/lib/avr5/libc.a(eerd_byte_atmega32u4.o)
 .text.avr-libc
                0x00000000       0x10 /usr/lib/gcc/avr/4.3.5/../../../avr/lib/avr5/libc.a(eerd_byte_atmega32u4.o)
 .text          0x00000000        0x0 /usr/lib/gcc/avr/4.3.5/../../../avr/lib/avr5/libc.a(eeupd_byte_atmega32u4.o)
 .data          0x00000000        0x0 /usr/lib/gcc/avr/4.3.5/../../../avr/lib/avr5/libc.a(eeupd_byte_atmega32u4.o)
 .bss           0x00000000        0x0 /usr/lib/gcc/avr/4.3.5/../../../avr/lib/avr5/libc.a(eeupd_byte_atmega32u4.o)
 .text.avr-libc
                0x00000000       0x24 /usr/lib/gcc/avr/4.3.5/../../../avr/lib/avr5/libc.a(eeupd_byte_atmega32u4.o)
 .text          0x00000000        0x0 /usr/lib/gcc/avr/4.3.5/../../../avr/lib/avr5/libc.a(strnlen_P.o)
 .data          0x00000000        0x0 /usr/lib/gcc/avr/4.3.5/../../../avr/lib/avr5/libc.a(strnlen_P.o)
 .bss           0x00000000        0x0 /usr/lib/gcc/avr/4.3.5/../../../avr/lib/avr5/libc.a(strnlen_P.o)
 .text          0x00000000        0x0 /usr/lib/gcc/avr/4.3.5/../../../avr/lib/avr5/libc.a(strnlen.o)
 .data          0x00000000        0x0 /usr/lib/gcc/avr/4.3.5/../../../avr/lib/avr5/libc.a(strnlen.o)
 .bss           0x00000000        0x0 /usr/lib/gcc/avr/4.3.5/../../../avr/lib/avr5/libc.a(strnlen.o)
 .text          0x00000000        0x0 /usr/lib/gcc/avr/4.3.5/../../../avr/lib/avr5/libc.a(fputc.o)
 .data          0x00000000        0x0 /usr/lib/gcc/avr/4.3.5/../../../avr/lib/avr5/libc.a(fputc.o)
 .bss           0x00000000        0x0 /usr/lib/gcc/avr/4.3.5/../../../avr/lib/avr5/libc.a(fputc.o)
 .text          0x00000000        0x0 /usr/lib/gcc/avr/4.3.5/../../../avr/lib/avr5/libc.a(ultoa_invert.o)
 .data          0x00000000        0x0 /usr/lib/gcc/avr/4.3.5/../../../avr/lib/avr5/libc.a(ultoa_invert.o)
 .bss           0x00000000        0x0 /usr/lib/gcc/avr/4.3.5/../../../avr/lib/avr5/libc.a(ultoa_invert.o)
 .text          0x00000000        0x0 /usr/lib/gcc/avr/4.3.5/avr5/libgcc.a(_prologue.o)
 .data          0x00000000        0x0 /usr/lib/gcc/avr/4.3.5/avr5/libgcc.a(_prologue.o)
 .bss           0x00000000        0x0 /usr/lib/gcc/avr/4.3.5/avr5/libgcc.a(_prologue.o)
 .text          0x00000000        0x0 /usr/lib/gcc/avr/4.3.5/avr5/libgcc.a(_epilogue.o)
 .data          0x00000000        0x0 /usr/lib/gcc/avr/4.3.5/avr5/libgcc.a(_epilogue.o)
 .bss           0x00000000        0x0 /usr/lib/gcc/avr/4.3.5/avr5/libgcc.a(_epilogue.o)

Memory Configuration

Name             Origin             Length             Attributes
text             0x00000000         0x00020000         xr
data             0x00800060         0x0000ffa0         rw !x
eeprom           0x00810000         0x00010000         rw !x
fuse             0x00820000         0x00000400         rw !x
lock             0x00830000         0x00000400         rw !x
signature        0x00840000         0x00000400         rw !x
*default*        0x00000000         0xffffffff

Linker script and memory map

Address of section .data set to 0x800100
LOAD /usr/lib/gcc/avr/4.3.5/../../../avr/lib/avr5/crtm32u4.o
LOAD MCB.o
LOAD Descriptors.o
LOAD ../LUFA/Drivers/USB/Core/AVR8/Device_AVR8.o
LOAD ../LUFA/Drivers/USB/Core/AVR8/Endpoint_AVR8.o
LOAD ../LUFA/Drivers/USB/Core/AVR8/Host_AVR8.o
LOAD ../LUFA/Drivers/USB/Core/AVR8/Pipe_AVR8.o
LOAD ../LUFA/Drivers/USB/Core/AVR8/USBController_AVR8.o
LOAD ../LUFA/Drivers/USB/Core/AVR8/USBInterrupt_AVR8.o
LOAD ../LUFA/Drivers/USB/Core/AVR8/EndpointStream_AVR8.o
LOAD ../LUFA/Drivers/USB/Core/AVR8/PipeStream_AVR8.o
LOAD ../LUFA/Drivers/USB/Core/ConfigDescriptor.o
LOAD ../LUFA/Drivers/USB/Core/DeviceStandardReq.o
LOAD ../LUFA/Drivers/USB/Core/Events.o
LOAD ../LUFA/Drivers/USB/Core/HostStandardReq.o
LOAD ../LUFA/Drivers/USB/Core/USBTask.o
LOAD ../LUFA/Drivers/USB/Class/Common/HIDParser.o
LOAD ../LUFA/Drivers/USB/Class/Device/AudioClassDevice.o
LOAD ../LUFA/Drivers/USB/Class/Device/CDCClassDevice.o
LOAD ../LUFA/Drivers/USB/Class/Device/HIDClassDevice.o
LOAD ../LUFA/Drivers/USB/Class/Device/MassStorageClassDevice.o
LOAD ../LUFA/Drivers/USB/Class/Device/MIDIClassDevice.o
LOAD ../LUFA/Drivers/USB/Class/Device/RNDISClassDevice.o
LOAD ../LUFA/Drivers/USB/Class/Host/AndroidAccessoryClassHost.o
LOAD ../LUFA/Drivers/USB/Class/Host/AudioClassHost.o
LOAD ../LUFA/Drivers/USB/Class/Host/CDCClassHost.o
LOAD ../LUFA/Drivers/USB/Class/Host/HIDClassHost.o
LOAD ../LUFA/Drivers/USB/Class/Host/MassStorageClassHost.o
LOAD ../LUFA/Drivers/USB/Class/Host/MIDIClassHost.o
LOAD ../LUFA/Drivers/USB/Class/Host/PrinterClassHost.o
LOAD ../LUFA/Drivers/USB/Class/Host/RNDISClassHost.o
LOAD ../LUFA/Drivers/USB/Class/Host/StillImageClassHost.o
LOAD /usr/lib/gcc/avr/4.3.5/../../../avr/lib/avr5/libm.a
LOAD /usr/lib/gcc/avr/4.3.5/avr5/libgcc.a
LOAD /usr/lib/gcc/avr/4.3.5/../../../avr/lib/avr5/libc.a
LOAD /usr/lib/gcc/avr/4.3.5/avr5/libgcc.a

.hash
 *(.hash)

.dynsym
 *(.dynsym)

.dynstr
 *(.dynstr)

.gnu.version
 *(.gnu.version)

.gnu.version_d
 *(.gnu.version_d)

.gnu.version_r
 *(.gnu.version_r)

.rel.init
 *(.rel.init)

.rela.init
 *(.rela.init)

.rel.text
 *(.rel.text)
 *(.rel.text.*)
 *(.rel.gnu.linkonce.t*)

.rela.text
 *(.rela.text)
 *(.rela.text.*)
 *(.rela.gnu.linkonce.t*)

.rel.fini
 *(.rel.fini)

.rela.fini
 *(.rela.fini)

.rel.rodata
 *(.rel.rodata)
 *(.rel.rodata.*)
 *(.rel.gnu.linkonce.r*)

.rela.rodata
 *(.rela.rodata)
 *(.rela.rodata.*)
 *(.rela.gnu.linkonce.r*)

.rel.data
 *(.rel.data)
 *(.rel.data.*)
 *(.rel.gnu.linkonce.d*)

.rela.data
 *(.rela.data)
 *(.rela.data.*)
 *(.rela.gnu.linkonce.d*)

.rel.ctors
 *(.rel.ctors)

.rela.ctors
 *(.rela.ctors)

.rel.dtors
 *(.rel.dtors)

.rela.dtors
 *(.rela.dtors)

.rel.got
 *(.rel.got)

.rela.got
 *(.rela.got)

.rel.bss
 *(.rel.bss)

.rela.bss
 *(.rela.bss)

.rel.plt
 *(.rel.plt)

.rela.plt
 *(.rela.plt)

.text           0x00000000     0x146e
 *(.vectors)
 .vectors       0x00000000       0xac /usr/lib/gcc/avr/4.3.5/../../../avr/lib/avr5/crtm32u4.o
                0x00000000                __vectors
                0x00000000                __vector_default
 *(.vectors)
 *(.progmem.gcc*)
 *(.progmem*)
 .progmem.data  0x000000ac       0x8c Descriptors.o
                0x000000ac                DeviceDescriptor
                0x000000be                ConfigurationDescriptor
                0x000000fc                LanguageString
                0x00000100                ManufacturerString
                0x0000011a                ProductString
                0x00000138                . = ALIGN (0x2)
                0x00000138                __trampolines_start = .
 *(.trampolines)
 .trampolines   0x00000138        0x0 linker stubs
 *(.trampolines*)
                0x00000138                __trampolines_end = .
 *(.jumptables)
 *(.jumptables*)
 *(.lowtext)
 *(.lowtext*)
                0x00000138                __ctors_start = .
 *(.ctors)
                0x00000138                __ctors_end = .
                0x00000138                __dtors_start = .
 *(.dtors)
                0x00000138                __dtors_end = .
 SORT(*)(.ctors)
 SORT(*)(.dtors)
 *(.init0)
 .init0         0x00000138        0x0 /usr/lib/gcc/avr/4.3.5/../../../avr/lib/avr5/crtm32u4.o
                0x00000138                __init
 *(.init0)
 *(.init1)
 *(.init1)
 *(.init2)
 .init2         0x00000138        0xc /usr/lib/gcc/avr/4.3.5/../../../avr/lib/avr5/crtm32u4.o
 *(.init2)
 *(.init3)
 *(.init3)
 *(.init4)
 .init4         0x00000144       0x16 /usr/lib/gcc/avr/4.3.5/avr5/libgcc.a(_copy_data.o)
                0x00000144                __do_copy_data
 .init4         0x0000015a       0x10 /usr/lib/gcc/avr/4.3.5/avr5/libgcc.a(_clear_bss.o)
                0x0000015a                __do_clear_bss
 *(.init4)
 *(.init5)
 *(.init5)
 *(.init6)
 *(.init6)
 *(.init7)
 *(.init7)
 *(.init8)
 *(.init8)
 *(.init9)
 .init9         0x0000016a        0x6 /usr/lib/gcc/avr/4.3.5/../../../avr/lib/avr5/crtm32u4.o
 *(.init9)
 *(.text)
 .text          0x00000170        0x2 /usr/lib/gcc/avr/4.3.5/../../../avr/lib/avr5/crtm32u4.o
                0x00000170                __vector_38
                0x00000170                __vector_22
                0x00000170                __vector_28
                0x00000170                __vector_1
                0x00000170                __vector_32
                0x00000170                __vector_34
                0x00000170                __vector_24
                0x00000170                __vector_12
                0x00000170                __bad_interrupt
                0x00000170                __vector_6
                0x00000170                __vector_31
                0x00000170                __vector_35
                0x00000170                __vector_39
                0x00000170                __vector_3
                0x00000170                __vector_23
                0x00000170                __vector_30
                0x00000170                __vector_25
                0x00000170                __vector_11
                0x00000170                __vector_13
                0x00000170                __vector_19
                0x00000170                __vector_7
                0x00000170                __vector_41
                0x00000170                __vector_27
                0x00000170                __vector_5
                0x00000170                __vector_33
                0x00000170                __vector_37
                0x00000170                __vector_4
                0x00000170                __vector_9
                0x00000170                __vector_2
                0x00000170                __vector_21
                0x00000170                __vector_15
                0x00000170                __vector_36
                0x00000170                __vector_29
                0x00000170                __vector_40
                0x00000170                __vector_8
                0x00000170                __vector_26
                0x00000170                __vector_14
                0x00000170                __vector_16
                0x00000170                __vector_18
                0x00000170                __vector_20
                0x00000170                __vector_42
                0x00000172                . = ALIGN (0x2)
 *(.text.*)
 .text.EVENT_USB_Device_Disconnect
                0x00000172        0x2 MCB.o
                0x00000172                EVENT_USB_Device_Disconnect
 .text.initRTC  0x00000174       0x2a MCB.o
                0x00000174                initRTC
 .text.millis   0x0000019e       0x10 MCB.o
                0x0000019e                millis
 .text.__vector_17
                0x000001ae       0x6c MCB.o
                0x000001ae                __vector_17
 .text.EVENT_USB_Device_ControlRequest
                0x0000021a        0x6 MCB.o
                0x0000021a                EVENT_USB_Device_ControlRequest
 .text.EVENT_USB_Device_ConfigurationChanged
                0x00000220        0x6 MCB.o
                0x00000220                EVENT_USB_Device_ConfigurationChanged
 .text.SetupHardware
                0x00000226       0x2a MCB.o
                0x00000226                SetupHardware
 .text.main     0x00000250       0x50 MCB.o
                0x00000250                main
 .text.CALLBACK_USB_GetDescriptor
                0x000002a0       0x5c Descriptors.o
                0x000002a0                CALLBACK_USB_GetDescriptor
 .text.Endpoint_ConfigureEndpoint_Prv
                0x000002fc       0x6a ../LUFA/Drivers/USB/Core/AVR8/Endpoint_AVR8.o
                0x000002fc                Endpoint_ConfigureEndpoint_Prv
 .text.Endpoint_ClearStatusStage
                0x00000366       0x42 ../LUFA/Drivers/USB/Core/AVR8/Endpoint_AVR8.o
                0x00000366                Endpoint_ClearStatusStage
 .text.Endpoint_WaitUntilReady
                0x000003a8       0x64 ../LUFA/Drivers/USB/Core/AVR8/Endpoint_AVR8.o
                0x000003a8                Endpoint_WaitUntilReady
 .text.USB_ResetInterface
                0x0000040c       0x88 ../LUFA/Drivers/USB/Core/AVR8/USBController_AVR8.o
                0x0000040c                USB_ResetInterface
 .text.USB_Init
                0x00000494       0x16 ../LUFA/Drivers/USB/Core/AVR8/USBController_AVR8.o
                0x00000494                USB_Init
 .text.USB_INT_DisableAllInterrupts
                0x000004aa       0x10 ../LUFA/Drivers/USB/Core/AVR8/USBInterrupt_AVR8.o
                0x000004aa                USB_INT_DisableAllInterrupts
 .text.USB_INT_ClearAllInterrupts
                0x000004ba        0xa ../LUFA/Drivers/USB/Core/AVR8/USBInterrupt_AVR8.o
                0x000004ba                USB_INT_ClearAllInterrupts
 .text.__vector_10
                0x000004c4      0x188 ../LUFA/Drivers/USB/Core/AVR8/USBInterrupt_AVR8.o
                0x000004c4                __vector_10
 .text.Endpoint_Write_Control_Stream_LE
                0x0000064c       0xcc ../LUFA/Drivers/USB/Core/AVR8/EndpointStream_AVR8.o
                0x0000064c                Endpoint_Write_Control_Stream_LE
 .text.Endpoint_Write_Control_PStream_LE
                0x00000718       0xd0 ../LUFA/Drivers/USB/Core/AVR8/EndpointStream_AVR8.o
                0x00000718                Endpoint_Write_Control_PStream_LE
 .text.USB_Device_ProcessControlRequest
                0x000007e8      0x2d6 ../LUFA/Drivers/USB/Core/DeviceStandardReq.o
                0x000007e8                USB_Device_ProcessControlRequest
 .text.USB_Event_Stub
                0x00000abe        0x2 ../LUFA/Drivers/USB/Core/Events.o
                0x00000abe                EVENT_USB_Device_Connect
                0x00000abe                EVENT_USB_Device_WakeUp
                0x00000abe                USB_Event_Stub
                0x00000abe                EVENT_USB_Device_Suspend
                0x00000abe                EVENT_USB_Device_StartOfFrame
                0x00000abe                EVENT_USB_Device_Reset
 .text.USB_USBTask
                0x00000ac0       0x26 ../LUFA/Drivers/USB/Core/USBTask.o
                0x00000ac0                USB_USBTask
 .text.CDC_Device_ReceiveByte
                0x00000ae6       0x76 ../LUFA/Drivers/USB/Class/Device/CDCClassDevice.o
                0x00000ae6                CDC_Device_ReceiveByte
 .text.CDC_Device_CreateBlockingStream
                0x00000b5c       0x26 ../LUFA/Drivers/USB/Class/Device/CDCClassDevice.o
                0x00000b5c                CDC_Device_CreateBlockingStream
 .text.CDC_Device_Event_Stub
                0x00000b82        0x2 ../LUFA/Drivers/USB/Class/Device/CDCClassDevice.o
                0x00000b82                EVENT_CDC_Device_LineEncodingChanged
                0x00000b82                EVENT_CDC_Device_ControLineStateChanged
                0x00000b82                EVENT_CDC_Device_BreakSent
                0x00000b82                CDC_Device_Event_Stub
 .text.CDC_Device_Flush
                0x00000b84       0x66 ../LUFA/Drivers/USB/Class/Device/CDCClassDevice.o
                0x00000b84                CDC_Device_Flush
 .text.CDC_Device_USBTask
                0x00000bea       0x20 ../LUFA/Drivers/USB/Class/Device/CDCClassDevice.o
                0x00000bea                CDC_Device_USBTask
 .text.CDC_Device_getchar_Blocking
                0x00000c0a       0x32 ../LUFA/Drivers/USB/Class/Device/CDCClassDevice.o
 .text.CDC_Device_SendByte
                0x00000c3c       0x4a ../LUFA/Drivers/USB/Class/Device/CDCClassDevice.o
                0x00000c3c                CDC_Device_SendByte
 .text.CDC_Device_putchar
                0x00000c86       0x1e ../LUFA/Drivers/USB/Class/Device/CDCClassDevice.o
 .text.CDC_Device_ConfigureEndpoints
                0x00000ca4       0xa0 ../LUFA/Drivers/USB/Class/Device/CDCClassDevice.o
                0x00000ca4                CDC_Device_ConfigureEndpoints
 .text.CDC_Device_ProcessControlRequest
                0x00000d44      0x14e ../LUFA/Drivers/USB/Class/Device/CDCClassDevice.o
                0x00000d44                CDC_Device_ProcessControlRequest
 .text.avr-libc
                0x00000e92       0x24 /usr/lib/gcc/avr/4.3.5/../../../avr/lib/avr5/libc.a(printf.o)
                0x00000e92                printf
 .text.avr-libc
                0x00000eb6       0x6a /usr/lib/gcc/avr/4.3.5/../../../avr/lib/avr5/libc.a(puts.o)
                0x00000eb6                puts
 .text.avr-libc
                0x00000f20      0x39c /usr/lib/gcc/avr/4.3.5/../../../avr/lib/avr5/libc.a(vfprintf_std.o)
                0x00000f20                vfprintf
 .text.avr-libc
                0x000012bc       0x16 /usr/lib/gcc/avr/4.3.5/../../../avr/lib/avr5/libc.a(strnlen_P.o)
                0x000012bc                strnlen_P
 .text.avr-libc
                0x000012d2       0x16 /usr/lib/gcc/avr/4.3.5/../../../avr/lib/avr5/libc.a(strnlen.o)
                0x000012d2                strnlen
 .text.avr-libc
                0x000012e8       0x58 /usr/lib/gcc/avr/4.3.5/../../../avr/lib/avr5/libc.a(fputc.o)
                0x000012e8                fputc
 .text.avr-libc
                0x00001340       0xbc /usr/lib/gcc/avr/4.3.5/../../../avr/lib/avr5/libc.a(ultoa_invert.o)
                0x00001340                __ultoa_invert
 .text.libgcc   0x000013fc       0x38 /usr/lib/gcc/avr/4.3.5/avr5/libgcc.a(_prologue.o)
                0x000013fc                __prologue_saves__
 .text.libgcc   0x00001434       0x36 /usr/lib/gcc/avr/4.3.5/avr5/libgcc.a(_epilogue.o)
                0x00001434                __epilogue_restores__
                0x0000146a                . = ALIGN (0x2)
 *(.fini9)
 .fini9         0x0000146a        0x0 /usr/lib/gcc/avr/4.3.5/avr5/libgcc.a(_exit.o)
                0x0000146a                exit
                0x0000146a                _exit
 *(.fini9)
 *(.fini8)
 *(.fini8)
 *(.fini7)
 *(.fini7)
 *(.fini6)
 *(.fini6)
 *(.fini5)
 *(.fini5)
 *(.fini4)
 *(.fini4)
 *(.fini3)
 *(.fini3)
 *(.fini2)
 *(.fini2)
 *(.fini1)
 *(.fini1)
 *(.fini0)
 .fini0         0x0000146a        0x4 /usr/lib/gcc/avr/4.3.5/avr5/libgcc.a(_exit.o)
 *(.fini0)
                0x0000146e                _etext = .

.data           0x00800100       0x30 load address 0x0000146e
                0x00800100                PROVIDE (__data_start, .)
 *(.data)
 .data          0x00800100       0x30 MCB.o
                0x00800118                VirtualSerial_CDC_Interface
 *(.data*)
 *(.rodata)
 *(.rodata*)
 *(.gnu.linkonce.d*)
                0x00800130                . = ALIGN (0x2)
                0x00800130                _edata = .
                0x00800130                PROVIDE (__data_end, .)

.bss            0x00800130       0x23
                0x00800130                PROVIDE (__bss_start, .)
 *(.bss)
 .bss           0x00800130       0x10 MCB.o
                0x00800130                halfMillis
 *(.bss*)
 *(COMMON)
 COMMON         0x00800140        0x3 ../LUFA/Drivers/USB/Core/DeviceStandardReq.o
                0x00800140                USB_Device_ConfigurationNumber
                0x00800141                USB_Device_CurrentlySelfPowered
                0x00800142                USB_Device_RemoteWakeupEnabled
 COMMON         0x00800143        0xa ../LUFA/Drivers/USB/Core/USBTask.o
                0x00800143                USB_IsInitialized
                0x00800144                USB_DeviceState
                0x00800145                USB_ControlRequest
 COMMON         0x0080014d        0x6 /usr/lib/gcc/avr/4.3.5/../../../avr/lib/avr5/libc.a(iob.o)
                0x0080014d                __iob
                0x00800153                PROVIDE (__bss_end, .)
                0x0000146e                __data_load_start = LOADADDR (.data)
                0x0000149e                __data_load_end = (__data_load_start + SIZEOF (.data))

.noinit         0x00800153        0x0
                0x00800153                PROVIDE (__noinit_start, .)
 *(.noinit*)
                0x00800153                PROVIDE (__noinit_end, .)
                0x00800153                _end = .
                0x00800153                PROVIDE (__heap_start, .)

.eeprom         0x00810000        0x0
 *(.eeprom*)
                0x00810000                __eeprom_end = .

.fuse
 *(.fuse)
 *(.lfuse)
 *(.hfuse)
 *(.efuse)

.lock
 *(.lock*)

.signature
 *(.signature*)

.stab           0x00000000     0x21e4
 *(.stab)
 .stab          0x00000000      0x6b4 /usr/lib/gcc/avr/4.3.5/../../../avr/lib/avr5/crtm32u4.o
 .stab          0x000006b4       0x84 /usr/lib/gcc/avr/4.3.5/../../../avr/lib/avr5/libc.a(memcpy_P.o)
                                 0x90 (size before relaxing)
 .stab          0x00000738       0xb4 /usr/lib/gcc/avr/4.3.5/../../../avr/lib/avr5/libc.a(memcmp.o)
                                 0xc0 (size before relaxing)
 .stab          0x000007ec       0x84 /usr/lib/gcc/avr/4.3.5/../../../avr/lib/avr5/libc.a(memcpy.o)
                                 0x90 (size before relaxing)
 .stab          0x00000870       0x6c /usr/lib/gcc/avr/4.3.5/../../../avr/lib/avr5/libc.a(memset.o)
                                 0x78 (size before relaxing)
 .stab          0x000008dc      0x300 /usr/lib/gcc/avr/4.3.5/../../../avr/lib/avr5/libc.a(iob.o)
                                0x30c (size before relaxing)
 .stab          0x00000bdc      0x18c /usr/lib/gcc/avr/4.3.5/../../../avr/lib/avr5/libc.a(printf.o)
                                0x36c (size before relaxing)
 .stab          0x00000d68      0x1d4 /usr/lib/gcc/avr/4.3.5/../../../avr/lib/avr5/libc.a(puts.o)
                                0x3b4 (size before relaxing)
 .stab          0x00000f3c      0x978 /usr/lib/gcc/avr/4.3.5/../../../avr/lib/avr5/libc.a(vfprintf_std.o)
                                0xb58 (size before relaxing)
 .stab          0x000018b4       0x90 /usr/lib/gcc/avr/4.3.5/../../../avr/lib/avr5/libc.a(eerd_byte_atmega32u4.o)
                                 0x9c (size before relaxing)
 .stab          0x00001944      0x114 /usr/lib/gcc/avr/4.3.5/../../../avr/lib/avr5/libc.a(eeupd_byte_atmega32u4.o)
                                0x120 (size before relaxing)
 .stab          0x00001a58       0x9c /usr/lib/gcc/avr/4.3.5/../../../avr/lib/avr5/libc.a(strnlen_P.o)
                                 0xa8 (size before relaxing)
 .stab          0x00001af4       0x9c /usr/lib/gcc/avr/4.3.5/../../../avr/lib/avr5/libc.a(strnlen.o)
                                 0xa8 (size before relaxing)
 .stab          0x00001b90      0x1d4 /usr/lib/gcc/avr/4.3.5/../../../avr/lib/avr5/libc.a(fputc.o)
                                0x3b4 (size before relaxing)
 .stab          0x00001d64      0x480 /usr/lib/gcc/avr/4.3.5/../../../avr/lib/avr5/libc.a(ultoa_invert.o)
                                0x48c (size before relaxing)

.stabstr        0x00000000      0xe4e
 *(.stabstr)
 .stabstr       0x00000000      0xe4e /usr/lib/gcc/avr/4.3.5/../../../avr/lib/avr5/crtm32u4.o

.stab.excl
 *(.stab.excl)

.stab.exclstr
 *(.stab.exclstr)

.stab.index
 *(.stab.index)

.stab.indexstr
 *(.stab.indexstr)

.comment
 *(.comment)

.debug
 *(.debug)

.line
 *(.line)

.debug_srcinfo
 *(.debug_srcinfo)

.debug_sfnames
 *(.debug_sfnames)

.debug_aranges  0x00000000      0x478
 *(.debug_aranges)
 .debug_aranges
                0x00000000       0x58 MCB.o
 .debug_aranges
                0x00000058       0x20 Descriptors.o
 .debug_aranges
                0x00000078       0x20 ../LUFA/Drivers/USB/Core/AVR8/Device_AVR8.o
 .debug_aranges
                0x00000098       0x38 ../LUFA/Drivers/USB/Core/AVR8/Endpoint_AVR8.o
 .debug_aranges
                0x000000d0       0x30 ../LUFA/Drivers/USB/Core/AVR8/USBController_AVR8.o
 .debug_aranges
                0x00000100       0x30 ../LUFA/Drivers/USB/Core/AVR8/USBInterrupt_AVR8.o
 .debug_aranges
                0x00000130       0xc8 ../LUFA/Drivers/USB/Core/AVR8/EndpointStream_AVR8.o
 .debug_aranges
                0x000001f8       0x38 ../LUFA/Drivers/USB/Core/ConfigDescriptor.o
 .debug_aranges
                0x00000230       0x20 ../LUFA/Drivers/USB/Core/DeviceStandardReq.o
 .debug_aranges
                0x00000250       0x20 ../LUFA/Drivers/USB/Core/Events.o
 .debug_aranges
                0x00000270       0x20 ../LUFA/Drivers/USB/Core/USBTask.o
 .debug_aranges
                0x00000290       0x38 ../LUFA/Drivers/USB/Class/Common/HIDParser.o
 .debug_aranges
                0x000002c8       0x30 ../LUFA/Drivers/USB/Class/Device/AudioClassDevice.o
 .debug_aranges
                0x000002f8       0x98 ../LUFA/Drivers/USB/Class/Device/CDCClassDevice.o
 .debug_aranges
                0x00000390       0x30 ../LUFA/Drivers/USB/Class/Device/HIDClassDevice.o
 .debug_aranges
                0x000003c0       0x30 ../LUFA/Drivers/USB/Class/Device/MassStorageClassDevice.o
 .debug_aranges
                0x000003f0       0x40 ../LUFA/Drivers/USB/Class/Device/MIDIClassDevice.o
 .debug_aranges
                0x00000430       0x48 ../LUFA/Drivers/USB/Class/Device/RNDISClassDevice.o

.debug_pubnames
                0x00000000      0xc6c
 *(.debug_pubnames)
 .debug_pubnames
                0x00000000       0xf1 MCB.o
 .debug_pubnames
                0x000000f1       0x9e Descriptors.o
 .debug_pubnames
                0x0000018f       0x32 ../LUFA/Drivers/USB/Core/AVR8/Device_AVR8.o
 .debug_pubnames
                0x000001c1       0x8b ../LUFA/Drivers/USB/Core/AVR8/Endpoint_AVR8.o
 .debug_pubnames
                0x0000024c       0x46 ../LUFA/Drivers/USB/Core/AVR8/USBController_AVR8.o
 .debug_pubnames
                0x00000292       0x62 ../LUFA/Drivers/USB/Core/AVR8/USBInterrupt_AVR8.o
 .debug_pubnames
                0x000002f4      0x2df ../LUFA/Drivers/USB/Core/AVR8/EndpointStream_AVR8.o
 .debug_pubnames
                0x000005d3       0x9b ../LUFA/Drivers/USB/Core/ConfigDescriptor.o
 .debug_pubnames
                0x0000066e       0xa1 ../LUFA/Drivers/USB/Core/DeviceStandardReq.o
 .debug_pubnames
                0x0000070f       0x25 ../LUFA/Drivers/USB/Core/Events.o
 .debug_pubnames
                0x00000734       0x63 ../LUFA/Drivers/USB/Core/USBTask.o
 .debug_pubnames
                0x00000797       0x7e ../LUFA/Drivers/USB/Class/Common/HIDParser.o
 .debug_pubnames
                0x00000815       0x79 ../LUFA/Drivers/USB/Class/Device/AudioClassDevice.o
 .debug_pubnames
                0x0000088e      0x18b ../LUFA/Drivers/USB/Class/Device/CDCClassDevice.o
 .debug_pubnames
                0x00000a19       0x70 ../LUFA/Drivers/USB/Class/Device/HIDClassDevice.o
 .debug_pubnames
                0x00000a89       0x6d ../LUFA/Drivers/USB/Class/Device/MassStorageClassDevice.o
 .debug_pubnames
                0x00000af6       0xa6 ../LUFA/Drivers/USB/Class/Device/MIDIClassDevice.o
 .debug_pubnames
                0x00000b9c       0xd0 ../LUFA/Drivers/USB/Class/Device/RNDISClassDevice.o

.debug_info     0x00000000     0x7f50
 *(.debug_info)
 .debug_info    0x00000000      0x490 MCB.o
 .debug_info    0x00000490      0x691 Descriptors.o
 .debug_info    0x00000b21       0xc4 ../LUFA/Drivers/USB/Core/AVR8/Device_AVR8.o
 .debug_info    0x00000be5      0x449 ../LUFA/Drivers/USB/Core/AVR8/Endpoint_AVR8.o
 .debug_info    0x0000102e        0x0 ../LUFA/Drivers/USB/Core/AVR8/Host_AVR8.o
 .debug_info    0x0000102e        0x0 ../LUFA/Drivers/USB/Core/AVR8/Pipe_AVR8.o
 .debug_info    0x0000102e      0x496 ../LUFA/Drivers/USB/Core/AVR8/USBController_AVR8.o
 .debug_info    0x000014c4      0x56d ../LUFA/Drivers/USB/Core/AVR8/USBInterrupt_AVR8.o
 .debug_info    0x00001a31     0x157b ../LUFA/Drivers/USB/Core/AVR8/EndpointStream_AVR8.o
 .debug_info    0x00002fac        0x0 ../LUFA/Drivers/USB/Core/AVR8/PipeStream_AVR8.o
 .debug_info    0x00002fac      0x34b ../LUFA/Drivers/USB/Core/ConfigDescriptor.o
 .debug_info    0x000032f7      0x9ed ../LUFA/Drivers/USB/Core/DeviceStandardReq.o
 .debug_info    0x00003ce4       0x79 ../LUFA/Drivers/USB/Core/Events.o
 .debug_info    0x00003d5d        0x0 ../LUFA/Drivers/USB/Core/HostStandardReq.o
 .debug_info    0x00003d5d      0x23b ../LUFA/Drivers/USB/Core/USBTask.o
 .debug_info    0x00003f98      0x6ec ../LUFA/Drivers/USB/Class/Common/HIDParser.o
 .debug_info    0x00004684      0x654 ../LUFA/Drivers/USB/Class/Device/AudioClassDevice.o
 .debug_info    0x00004cd8      0xd1b ../LUFA/Drivers/USB/Class/Device/CDCClassDevice.o
 .debug_info    0x000059f3      0x6d9 ../LUFA/Drivers/USB/Class/Device/HIDClassDevice.o
 .debug_info    0x000060cc      0x906 ../LUFA/Drivers/USB/Class/Device/MassStorageClassDevice.o
 .debug_info    0x000069d2      0x5d2 ../LUFA/Drivers/USB/Class/Device/MIDIClassDevice.o
 .debug_info    0x00006fa4      0xfac ../LUFA/Drivers/USB/Class/Device/RNDISClassDevice.o
 .debug_info    0x00007f50        0x0 ../LUFA/Drivers/USB/Class/Host/AndroidAccessoryClassHost.o
 .debug_info    0x00007f50        0x0 ../LUFA/Drivers/USB/Class/Host/AudioClassHost.o
 .debug_info    0x00007f50        0x0 ../LUFA/Drivers/USB/Class/Host/CDCClassHost.o
 .debug_info    0x00007f50        0x0 ../LUFA/Drivers/USB/Class/Host/HIDClassHost.o
 .debug_info    0x00007f50        0x0 ../LUFA/Drivers/USB/Class/Host/MassStorageClassHost.o
 .debug_info    0x00007f50        0x0 ../LUFA/Drivers/USB/Class/Host/MIDIClassHost.o
 .debug_info    0x00007f50        0x0 ../LUFA/Drivers/USB/Class/Host/PrinterClassHost.o
 .debug_info    0x00007f50        0x0 ../LUFA/Drivers/USB/Class/Host/RNDISClassHost.o
 .debug_info    0x00007f50        0x0 ../LUFA/Drivers/USB/Class/Host/StillImageClassHost.o
 *(.gnu.linkonce.wi.*)

.debug_abbrev   0x00000000     0x1fc9
 *(.debug_abbrev)
 .debug_abbrev  0x00000000      0x21f MCB.o
 .debug_abbrev  0x0000021f      0x170 Descriptors.o
 .debug_abbrev  0x0000038f       0x79 ../LUFA/Drivers/USB/Core/AVR8/Device_AVR8.o
 .debug_abbrev  0x00000408      0x1a1 ../LUFA/Drivers/USB/Core/AVR8/Endpoint_AVR8.o
 .debug_abbrev  0x000005a9        0x1 ../LUFA/Drivers/USB/Core/AVR8/Host_AVR8.o
 .debug_abbrev  0x000005aa        0x1 ../LUFA/Drivers/USB/Core/AVR8/Pipe_AVR8.o
 .debug_abbrev  0x000005ab      0x15a ../LUFA/Drivers/USB/Core/AVR8/USBController_AVR8.o
 .debug_abbrev  0x00000705      0x176 ../LUFA/Drivers/USB/Core/AVR8/USBInterrupt_AVR8.o
 .debug_abbrev  0x0000087b      0x1aa ../LUFA/Drivers/USB/Core/AVR8/EndpointStream_AVR8.o
 .debug_abbrev  0x00000a25        0x1 ../LUFA/Drivers/USB/Core/AVR8/PipeStream_AVR8.o
 .debug_abbrev  0x00000a26      0x15c ../LUFA/Drivers/USB/Core/ConfigDescriptor.o
 .debug_abbrev  0x00000b82      0x22d ../LUFA/Drivers/USB/Core/DeviceStandardReq.o
 .debug_abbrev  0x00000daf       0x4a ../LUFA/Drivers/USB/Core/Events.o
 .debug_abbrev  0x00000df9        0x1 ../LUFA/Drivers/USB/Core/HostStandardReq.o
 .debug_abbrev  0x00000dfa      0x15d ../LUFA/Drivers/USB/Core/USBTask.o
 .debug_abbrev  0x00000f57      0x1e7 ../LUFA/Drivers/USB/Class/Common/HIDParser.o
 .debug_abbrev  0x0000113e      0x1ea ../LUFA/Drivers/USB/Class/Device/AudioClassDevice.o
 .debug_abbrev  0x00001328      0x347 ../LUFA/Drivers/USB/Class/Device/CDCClassDevice.o
 .debug_abbrev  0x0000166f      0x21e ../LUFA/Drivers/USB/Class/Device/HIDClassDevice.o
 .debug_abbrev  0x0000188d      0x24f ../LUFA/Drivers/USB/Class/Device/MassStorageClassDevice.o
 .debug_abbrev  0x00001adc      0x20b ../LUFA/Drivers/USB/Class/Device/MIDIClassDevice.o
 .debug_abbrev  0x00001ce7      0x2d9 ../LUFA/Drivers/USB/Class/Device/RNDISClassDevice.o
 .debug_abbrev  0x00001fc0        0x1 ../LUFA/Drivers/USB/Class/Host/AndroidAccessoryClassHost.o
 .debug_abbrev  0x00001fc1        0x1 ../LUFA/Drivers/USB/Class/Host/AudioClassHost.o
 .debug_abbrev  0x00001fc2        0x1 ../LUFA/Drivers/USB/Class/Host/CDCClassHost.o
 .debug_abbrev  0x00001fc3        0x1 ../LUFA/Drivers/USB/Class/Host/HIDClassHost.o
 .debug_abbrev  0x00001fc4        0x1 ../LUFA/Drivers/USB/Class/Host/MassStorageClassHost.o
 .debug_abbrev  0x00001fc5        0x1 ../LUFA/Drivers/USB/Class/Host/MIDIClassHost.o
 .debug_abbrev  0x00001fc6        0x1 ../LUFA/Drivers/USB/Class/Host/PrinterClassHost.o
 .debug_abbrev  0x00001fc7        0x1 ../LUFA/Drivers/USB/Class/Host/RNDISClassHost.o
 .debug_abbrev  0x00001fc8        0x1 ../LUFA/Drivers/USB/Class/Host/StillImageClassHost.o

.debug_line     0x00000000     0x6060
 *(.debug_line)
 .debug_line    0x00000000      0x308 MCB.o
 .debug_line    0x00000308      0x1af Descriptors.o
 .debug_line    0x000004b7      0x121 ../LUFA/Drivers/USB/Core/AVR8/Device_AVR8.o
 .debug_line    0x000005d8      0x43e ../LUFA/Drivers/USB/Core/AVR8/Endpoint_AVR8.o
 .debug_line    0x00000a16       0x24 ../LUFA/Drivers/USB/Core/AVR8/Host_AVR8.o
 .debug_line    0x00000a3a       0x24 ../LUFA/Drivers/USB/Core/AVR8/Pipe_AVR8.o
 .debug_line    0x00000a5e      0x343 ../LUFA/Drivers/USB/Core/AVR8/USBController_AVR8.o
 .debug_line    0x00000da1      0x4f0 ../LUFA/Drivers/USB/Core/AVR8/USBInterrupt_AVR8.o
 .debug_line    0x00001291     0x1783 ../LUFA/Drivers/USB/Core/AVR8/EndpointStream_AVR8.o
 .debug_line    0x00002a14       0x24 ../LUFA/Drivers/USB/Core/AVR8/PipeStream_AVR8.o
 .debug_line    0x00002a38      0x237 ../LUFA/Drivers/USB/Core/ConfigDescriptor.o
 .debug_line    0x00002c6f      0x5bc ../LUFA/Drivers/USB/Core/DeviceStandardReq.o
 .debug_line    0x0000322b       0x7d ../LUFA/Drivers/USB/Core/Events.o
 .debug_line    0x000032a8       0x24 ../LUFA/Drivers/USB/Core/HostStandardReq.o
 .debug_line    0x000032cc      0x1a1 ../LUFA/Drivers/USB/Core/USBTask.o
 .debug_line    0x0000346d      0x570 ../LUFA/Drivers/USB/Class/Common/HIDParser.o
 .debug_line    0x000039dd      0x4e2 ../LUFA/Drivers/USB/Class/Device/AudioClassDevice.o
 .debug_line    0x00003ebf      0x95c ../LUFA/Drivers/USB/Class/Device/CDCClassDevice.o
 .debug_line    0x0000481b      0x590 ../LUFA/Drivers/USB/Class/Device/HIDClassDevice.o
 .debug_line    0x00004dab      0x607 ../LUFA/Drivers/USB/Class/Device/MassStorageClassDevice.o
 .debug_line    0x000053b2      0x3f8 ../LUFA/Drivers/USB/Class/Device/MIDIClassDevice.o
 .debug_line    0x000057aa      0x772 ../LUFA/Drivers/USB/Class/Device/RNDISClassDevice.o
 .debug_line    0x00005f1c       0x24 ../LUFA/Drivers/USB/Class/Host/AndroidAccessoryClassHost.o
 .debug_line    0x00005f40       0x24 ../LUFA/Drivers/USB/Class/Host/AudioClassHost.o
 .debug_line    0x00005f64       0x24 ../LUFA/Drivers/USB/Class/Host/CDCClassHost.o
 .debug_line    0x00005f88       0x24 ../LUFA/Drivers/USB/Class/Host/HIDClassHost.o
 .debug_line    0x00005fac       0x24 ../LUFA/Drivers/USB/Class/Host/MassStorageClassHost.o
 .debug_line    0x00005fd0       0x24 ../LUFA/Drivers/USB/Class/Host/MIDIClassHost.o
 .debug_line    0x00005ff4       0x24 ../LUFA/Drivers/USB/Class/Host/PrinterClassHost.o
 .debug_line    0x00006018       0x24 ../LUFA/Drivers/USB/Class/Host/RNDISClassHost.o
 .debug_line    0x0000603c       0x24 ../LUFA/Drivers/USB/Class/Host/StillImageClassHost.o

.debug_frame    0x00000000      0x6b0
 *(.debug_frame)
 .debug_frame   0x00000000       0x90 MCB.o
 .debug_frame   0x00000090       0x20 Descriptors.o
 .debug_frame   0x000000b0       0x20 ../LUFA/Drivers/USB/Core/AVR8/Device_AVR8.o
 .debug_frame   0x000000d0       0x50 ../LUFA/Drivers/USB/Core/AVR8/Endpoint_AVR8.o
 .debug_frame   0x00000120       0x40 ../LUFA/Drivers/USB/Core/AVR8/USBController_AVR8.o
 .debug_frame   0x00000160       0x40 ../LUFA/Drivers/USB/Core/AVR8/USBInterrupt_AVR8.o
 .debug_frame   0x000001a0      0x170 ../LUFA/Drivers/USB/Core/AVR8/EndpointStream_AVR8.o
 .debug_frame   0x00000310       0x50 ../LUFA/Drivers/USB/Core/ConfigDescriptor.o
 .debug_frame   0x00000360       0x20 ../LUFA/Drivers/USB/Core/DeviceStandardReq.o
 .debug_frame   0x00000380       0x20 ../LUFA/Drivers/USB/Core/Events.o
 .debug_frame   0x000003a0       0x20 ../LUFA/Drivers/USB/Core/USBTask.o
 .debug_frame   0x000003c0       0x50 ../LUFA/Drivers/USB/Class/Common/HIDParser.o
 .debug_frame   0x00000410       0x40 ../LUFA/Drivers/USB/Class/Device/AudioClassDevice.o
 .debug_frame   0x00000450      0x110 ../LUFA/Drivers/USB/Class/Device/CDCClassDevice.o
 .debug_frame   0x00000560       0x40 ../LUFA/Drivers/USB/Class/Device/HIDClassDevice.o
 .debug_frame   0x000005a0       0x40 ../LUFA/Drivers/USB/Class/Device/MassStorageClassDevice.o
 .debug_frame   0x000005e0       0x60 ../LUFA/Drivers/USB/Class/Device/MIDIClassDevice.o
 .debug_frame   0x00000640       0x70 ../LUFA/Drivers/USB/Class/Device/RNDISClassDevice.o

.debug_str      0x00000000     0x3247
 *(.debug_str)
 .debug_str     0x00000000      0x3b3 MCB.o
                                0x3ff (size before relaxing)
 .debug_str     0x000003b3      0x532 Descriptors.o
                                0x668 (size before relaxing)
 .debug_str     0x000008e5       0x74 ../LUFA/Drivers/USB/Core/AVR8/Device_AVR8.o
                                0x119 (size before relaxing)
 .debug_str     0x00000959      0x3be ../LUFA/Drivers/USB/Core/AVR8/Endpoint_AVR8.o
                                0x4a8 (size before relaxing)
 .debug_str     0x00000d17      0x299 ../LUFA/Drivers/USB/Core/AVR8/USBController_AVR8.o
                                0x42d (size before relaxing)
 .debug_str     0x00000fb0       0xe6 ../LUFA/Drivers/USB/Core/AVR8/USBInterrupt_AVR8.o
                                0x39f (size before relaxing)
 .debug_str     0x00001096      0x4fa ../LUFA/Drivers/USB/Core/AVR8/EndpointStream_AVR8.o
                                0x747 (size before relaxing)
 .debug_str     0x00001590      0x219 ../LUFA/Drivers/USB/Core/ConfigDescriptor.o
                                0x2e6 (size before relaxing)
 .debug_str     0x000017a9      0x3f1 ../LUFA/Drivers/USB/Core/DeviceStandardReq.o
                                0x81d (size before relaxing)
 .debug_str     0x00001b9a       0x31 ../LUFA/Drivers/USB/Core/Events.o
                                 0xd0 (size before relaxing)
 .debug_str     0x00001bcb       0x67 ../LUFA/Drivers/USB/Core/USBTask.o
                                0x270 (size before relaxing)
 .debug_str     0x00001c32      0x47e ../LUFA/Drivers/USB/Class/Common/HIDParser.o
                                0x5be (size before relaxing)
 .debug_str     0x000020b0      0x240 ../LUFA/Drivers/USB/Class/Device/AudioClassDevice.o
                                0x57e (size before relaxing)
 .debug_str     0x000022f0      0x2f7 ../LUFA/Drivers/USB/Class/Device/CDCClassDevice.o
                                0x9c4 (size before relaxing)
 .debug_str     0x000025e7      0x220 ../LUFA/Drivers/USB/Class/Device/HIDClassDevice.o
                                0x5be (size before relaxing)
 .debug_str     0x00002807      0x23a ../LUFA/Drivers/USB/Class/Device/MassStorageClassDevice.o
                                0x76d (size before relaxing)
 .debug_str     0x00002a41      0x121 ../LUFA/Drivers/USB/Class/Device/MIDIClassDevice.o
                                0x5f0 (size before relaxing)
 .debug_str     0x00002b62      0x6e5 ../LUFA/Drivers/USB/Class/Device/RNDISClassDevice.o
                                0xcde (size before relaxing)

.debug_loc      0x00000000     0x360d
 *(.debug_loc)
 .debug_loc     0x00000000      0x160 Descriptors.o
 .debug_loc     0x00000160       0x7f ../LUFA/Drivers/USB/Core/AVR8/Endpoint_AVR8.o
 .debug_loc     0x000001df     0x1886 ../LUFA/Drivers/USB/Core/AVR8/EndpointStream_AVR8.o
 .debug_loc     0x00001a65      0x2c7 ../LUFA/Drivers/USB/Core/ConfigDescriptor.o
 .debug_loc     0x00001d2c      0x25a ../LUFA/Drivers/USB/Core/DeviceStandardReq.o
 .debug_loc     0x00001f86      0x4fa ../LUFA/Drivers/USB/Class/Common/HIDParser.o
 .debug_loc     0x00002480      0x269 ../LUFA/Drivers/USB/Class/Device/AudioClassDevice.o
 .debug_loc     0x000026e9      0x512 ../LUFA/Drivers/USB/Class/Device/CDCClassDevice.o
 .debug_loc     0x00002bfb      0x16c ../LUFA/Drivers/USB/Class/Device/HIDClassDevice.o
 .debug_loc     0x00002d67      0x138 ../LUFA/Drivers/USB/Class/Device/MassStorageClassDevice.o
 .debug_loc     0x00002e9f      0x23c ../LUFA/Drivers/USB/Class/Device/MIDIClassDevice.o
 .debug_loc     0x000030db      0x532 ../LUFA/Drivers/USB/Class/Device/RNDISClassDevice.o

.debug_macinfo
 *(.debug_macinfo)
OUTPUT(MCB.elf elf32-avr)
LOAD linker stubs

.debug_ranges   0x00000000      0x580
 .debug_ranges  0x00000000       0x50 MCB.o
 .debug_ranges  0x00000050       0x18 Descriptors.o
 .debug_ranges  0x00000068       0x18 ../LUFA/Drivers/USB/Core/AVR8/Device_AVR8.o
 .debug_ranges  0x00000080       0x48 ../LUFA/Drivers/USB/Core/AVR8/Endpoint_AVR8.o
 .debug_ranges  0x000000c8       0x28 ../LUFA/Drivers/USB/Core/AVR8/USBController_AVR8.o
 .debug_ranges  0x000000f0       0x28 ../LUFA/Drivers/USB/Core/AVR8/USBInterrupt_AVR8.o
 .debug_ranges  0x00000118       0xc0 ../LUFA/Drivers/USB/Core/AVR8/EndpointStream_AVR8.o
 .debug_ranges  0x000001d8       0x30 ../LUFA/Drivers/USB/Core/ConfigDescriptor.o
 .debug_ranges  0x00000208       0x78 ../LUFA/Drivers/USB/Core/DeviceStandardReq.o
 .debug_ranges  0x00000280       0x18 ../LUFA/Drivers/USB/Core/Events.o
 .debug_ranges  0x00000298       0x30 ../LUFA/Drivers/USB/Core/USBTask.o
 .debug_ranges  0x000002c8       0xa0 ../LUFA/Drivers/USB/Class/Common/HIDParser.o
 .debug_ranges  0x00000368       0x28 ../LUFA/Drivers/USB/Class/Device/AudioClassDevice.o
 .debug_ranges  0x00000390       0x90 ../LUFA/Drivers/USB/Class/Device/CDCClassDevice.o
 .debug_ranges  0x00000420       0x28 ../LUFA/Drivers/USB/Class/Device/HIDClassDevice.o
 .debug_ranges  0x00000448       0x78 ../LUFA/Drivers/USB/Class/Device/MassStorageClassDevice.o
 .debug_ranges  0x000004c0       0x38 ../LUFA/Drivers/USB/Class/Device/MIDIClassDevice.o
 .debug_ranges  0x000004f8       0x88 ../LUFA/Drivers/USB/Class/Device/RNDISClassDevice.o

Cross Reference Table

Symbol                                            File
Audio_Device_ConfigureEndpoints                   ../LUFA/Drivers/USB/Class/Device/AudioClassDevice.o
Audio_Device_Event_Stub                           ../LUFA/Drivers/USB/Class/Device/AudioClassDevice.o
Audio_Device_ProcessControlRequest                ../LUFA/Drivers/USB/Class/Device/AudioClassDevice.o
CALLBACK_Audio_Device_GetSetEndpointProperty      ../LUFA/Drivers/USB/Class/Device/AudioClassDevice.o
CALLBACK_Audio_Device_GetSetInterfaceProperty     ../LUFA/Drivers/USB/Class/Device/AudioClassDevice.o
CALLBACK_HIDParser_FilterHIDReportItem            ../LUFA/Drivers/USB/Class/Common/HIDParser.o
CALLBACK_HID_Device_CreateHIDReport               ../LUFA/Drivers/USB/Class/Device/HIDClassDevice.o
CALLBACK_HID_Device_ProcessHIDReport              ../LUFA/Drivers/USB/Class/Device/HIDClassDevice.o
CALLBACK_MS_Device_SCSICommandReceived            ../LUFA/Drivers/USB/Class/Device/MassStorageClassDevice.o
CALLBACK_USB_GetDescriptor                        Descriptors.o
                                                  ../LUFA/Drivers/USB/Core/DeviceStandardReq.o
CDC_Device_BytesReceived                          ../LUFA/Drivers/USB/Class/Device/CDCClassDevice.o
CDC_Device_ConfigureEndpoints                     ../LUFA/Drivers/USB/Class/Device/CDCClassDevice.o
                                                  MCB.o
CDC_Device_CreateBlockingStream                   ../LUFA/Drivers/USB/Class/Device/CDCClassDevice.o
                                                  MCB.o
CDC_Device_CreateStream                           ../LUFA/Drivers/USB/Class/Device/CDCClassDevice.o
CDC_Device_Event_Stub                             ../LUFA/Drivers/USB/Class/Device/CDCClassDevice.o
CDC_Device_Flush                                  ../LUFA/Drivers/USB/Class/Device/CDCClassDevice.o
CDC_Device_ProcessControlRequest                  ../LUFA/Drivers/USB/Class/Device/CDCClassDevice.o
                                                  MCB.o
CDC_Device_ReceiveByte                            ../LUFA/Drivers/USB/Class/Device/CDCClassDevice.o
                                                  MCB.o
CDC_Device_SendByte                               ../LUFA/Drivers/USB/Class/Device/CDCClassDevice.o
CDC_Device_SendControlLineStateChange             ../LUFA/Drivers/USB/Class/Device/CDCClassDevice.o
CDC_Device_SendData                               ../LUFA/Drivers/USB/Class/Device/CDCClassDevice.o
CDC_Device_SendString                             ../LUFA/Drivers/USB/Class/Device/CDCClassDevice.o
CDC_Device_USBTask                                ../LUFA/Drivers/USB/Class/Device/CDCClassDevice.o
                                                  MCB.o
ConfigurationDescriptor                           Descriptors.o
DeviceDescriptor                                  Descriptors.o
EVENT_Audio_Device_StreamStartStop                ../LUFA/Drivers/USB/Class/Device/AudioClassDevice.o
EVENT_CDC_Device_BreakSent                        ../LUFA/Drivers/USB/Class/Device/CDCClassDevice.o
EVENT_CDC_Device_ControLineStateChanged           ../LUFA/Drivers/USB/Class/Device/CDCClassDevice.o
EVENT_CDC_Device_LineEncodingChanged              ../LUFA/Drivers/USB/Class/Device/CDCClassDevice.o
EVENT_USB_Device_ConfigurationChanged             MCB.o
                                                  ../LUFA/Drivers/USB/Core/DeviceStandardReq.o
EVENT_USB_Device_Connect                          ../LUFA/Drivers/USB/Core/Events.o
                                                  ../LUFA/Drivers/USB/Core/AVR8/USBInterrupt_AVR8.o
EVENT_USB_Device_ControlRequest                   MCB.o
                                                  ../LUFA/Drivers/USB/Core/DeviceStandardReq.o
EVENT_USB_Device_Disconnect                       MCB.o
                                                  ../LUFA/Drivers/USB/Core/AVR8/USBInterrupt_AVR8.o
EVENT_USB_Device_Reset                            ../LUFA/Drivers/USB/Core/Events.o
                                                  ../LUFA/Drivers/USB/Core/AVR8/USBInterrupt_AVR8.o
EVENT_USB_Device_StartOfFrame                     ../LUFA/Drivers/USB/Core/Events.o
                                                  ../LUFA/Drivers/USB/Core/AVR8/USBInterrupt_AVR8.o
EVENT_USB_Device_Suspend                          ../LUFA/Drivers/USB/Core/Events.o
                                                  ../LUFA/Drivers/USB/Core/AVR8/USBInterrupt_AVR8.o
EVENT_USB_Device_WakeUp                           ../LUFA/Drivers/USB/Core/Events.o
                                                  ../LUFA/Drivers/USB/Core/AVR8/USBInterrupt_AVR8.o
Endpoint_ClearEndpoints                           ../LUFA/Drivers/USB/Core/AVR8/Endpoint_AVR8.o
Endpoint_ClearStatusStage                         ../LUFA/Drivers/USB/Core/AVR8/Endpoint_AVR8.o
                                                  ../LUFA/Drivers/USB/Class/Device/MassStorageClassDevice.o
                                                  ../LUFA/Drivers/USB/Class/Device/HIDClassDevice.o
                                                  ../LUFA/Drivers/USB/Class/Device/CDCClassDevice.o
                                                  ../LUFA/Drivers/USB/Class/Device/AudioClassDevice.o
                                                  ../LUFA/Drivers/USB/Core/DeviceStandardReq.o
Endpoint_ConfigureEndpoint_Prv                    ../LUFA/Drivers/USB/Core/AVR8/Endpoint_AVR8.o
                                                  ../LUFA/Drivers/USB/Class/Device/RNDISClassDevice.o
                                                  ../LUFA/Drivers/USB/Class/Device/MIDIClassDevice.o
                                                  ../LUFA/Drivers/USB/Class/Device/MassStorageClassDevice.o
                                                  ../LUFA/Drivers/USB/Class/Device/HIDClassDevice.o
                                                  ../LUFA/Drivers/USB/Class/Device/CDCClassDevice.o
                                                  ../LUFA/Drivers/USB/Class/Device/AudioClassDevice.o
                                                  ../LUFA/Drivers/USB/Core/AVR8/USBInterrupt_AVR8.o
                                                  ../LUFA/Drivers/USB/Core/AVR8/USBController_AVR8.o
Endpoint_Discard_Stream                           ../LUFA/Drivers/USB/Core/AVR8/EndpointStream_AVR8.o
Endpoint_Null_Stream                              ../LUFA/Drivers/USB/Core/AVR8/EndpointStream_AVR8.o
Endpoint_Read_Control_EStream_BE                  ../LUFA/Drivers/USB/Core/AVR8/EndpointStream_AVR8.o
Endpoint_Read_Control_EStream_LE                  ../LUFA/Drivers/USB/Core/AVR8/EndpointStream_AVR8.o
Endpoint_Read_Control_Stream_BE                   ../LUFA/Drivers/USB/Core/AVR8/EndpointStream_AVR8.o
Endpoint_Read_Control_Stream_LE                   ../LUFA/Drivers/USB/Core/AVR8/EndpointStream_AVR8.o
                                                  ../LUFA/Drivers/USB/Class/Device/RNDISClassDevice.o
                                                  ../LUFA/Drivers/USB/Class/Device/HIDClassDevice.o
                                                  ../LUFA/Drivers/USB/Class/Device/AudioClassDevice.o
Endpoint_Read_EStream_BE                          ../LUFA/Drivers/USB/Core/AVR8/EndpointStream_AVR8.o
Endpoint_Read_EStream_LE                          ../LUFA/Drivers/USB/Core/AVR8/EndpointStream_AVR8.o
Endpoint_Read_Stream_BE                           ../LUFA/Drivers/USB/Core/AVR8/EndpointStream_AVR8.o
Endpoint_Read_Stream_LE                           ../LUFA/Drivers/USB/Core/AVR8/EndpointStream_AVR8.o
                                                  ../LUFA/Drivers/USB/Class/Device/RNDISClassDevice.o
                                                  ../LUFA/Drivers/USB/Class/Device/MIDIClassDevice.o
                                                  ../LUFA/Drivers/USB/Class/Device/MassStorageClassDevice.o
Endpoint_WaitUntilReady                           ../LUFA/Drivers/USB/Core/AVR8/Endpoint_AVR8.o
                                                  ../LUFA/Drivers/USB/Class/Device/RNDISClassDevice.o
                                                  ../LUFA/Drivers/USB/Class/Device/MIDIClassDevice.o
                                                  ../LUFA/Drivers/USB/Class/Device/CDCClassDevice.o
                                                  ../LUFA/Drivers/USB/Core/AVR8/EndpointStream_AVR8.o
Endpoint_Write_Control_EStream_BE                 ../LUFA/Drivers/USB/Core/AVR8/EndpointStream_AVR8.o
Endpoint_Write_Control_EStream_LE                 ../LUFA/Drivers/USB/Core/AVR8/EndpointStream_AVR8.o
Endpoint_Write_Control_PStream_BE                 ../LUFA/Drivers/USB/Core/AVR8/EndpointStream_AVR8.o
Endpoint_Write_Control_PStream_LE                 ../LUFA/Drivers/USB/Core/AVR8/EndpointStream_AVR8.o
                                                  ../LUFA/Drivers/USB/Core/DeviceStandardReq.o
Endpoint_Write_Control_Stream_BE                  ../LUFA/Drivers/USB/Core/AVR8/EndpointStream_AVR8.o
Endpoint_Write_Control_Stream_LE                  ../LUFA/Drivers/USB/Core/AVR8/EndpointStream_AVR8.o
                                                  ../LUFA/Drivers/USB/Class/Device/RNDISClassDevice.o
                                                  ../LUFA/Drivers/USB/Class/Device/HIDClassDevice.o
                                                  ../LUFA/Drivers/USB/Class/Device/AudioClassDevice.o
                                                  ../LUFA/Drivers/USB/Core/DeviceStandardReq.o
Endpoint_Write_EStream_BE                         ../LUFA/Drivers/USB/Core/AVR8/EndpointStream_AVR8.o
Endpoint_Write_EStream_LE                         ../LUFA/Drivers/USB/Core/AVR8/EndpointStream_AVR8.o
Endpoint_Write_PStream_BE                         ../LUFA/Drivers/USB/Core/AVR8/EndpointStream_AVR8.o
Endpoint_Write_PStream_LE                         ../LUFA/Drivers/USB/Core/AVR8/EndpointStream_AVR8.o
Endpoint_Write_Stream_BE                          ../LUFA/Drivers/USB/Core/AVR8/EndpointStream_AVR8.o
Endpoint_Write_Stream_LE                          ../LUFA/Drivers/USB/Core/AVR8/EndpointStream_AVR8.o
                                                  ../LUFA/Drivers/USB/Class/Device/RNDISClassDevice.o
                                                  ../LUFA/Drivers/USB/Class/Device/MIDIClassDevice.o
                                                  ../LUFA/Drivers/USB/Class/Device/MassStorageClassDevice.o
                                                  ../LUFA/Drivers/USB/Class/Device/HIDClassDevice.o
                                                  ../LUFA/Drivers/USB/Class/Device/CDCClassDevice.o
HID_Device_ConfigureEndpoints                     ../LUFA/Drivers/USB/Class/Device/HIDClassDevice.o
HID_Device_ProcessControlRequest                  ../LUFA/Drivers/USB/Class/Device/HIDClassDevice.o
HID_Device_USBTask                                ../LUFA/Drivers/USB/Class/Device/HIDClassDevice.o
LanguageString                                    Descriptors.o
MIDI_Device_ConfigureEndpoints                    ../LUFA/Drivers/USB/Class/Device/MIDIClassDevice.o
MIDI_Device_Flush                                 ../LUFA/Drivers/USB/Class/Device/MIDIClassDevice.o
MIDI_Device_ReceiveEventPacket                    ../LUFA/Drivers/USB/Class/Device/MIDIClassDevice.o
MIDI_Device_SendEventPacket                       ../LUFA/Drivers/USB/Class/Device/MIDIClassDevice.o
MIDI_Device_USBTask                               ../LUFA/Drivers/USB/Class/Device/MIDIClassDevice.o
MS_Device_ConfigureEndpoints                      ../LUFA/Drivers/USB/Class/Device/MassStorageClassDevice.o
MS_Device_ProcessControlRequest                   ../LUFA/Drivers/USB/Class/Device/MassStorageClassDevice.o
MS_Device_USBTask                                 ../LUFA/Drivers/USB/Class/Device/MassStorageClassDevice.o
ManufacturerString                                Descriptors.o
ProductString                                     Descriptors.o
RNDIS_Device_ConfigureEndpoints                   ../LUFA/Drivers/USB/Class/Device/RNDISClassDevice.o
RNDIS_Device_IsPacketReceived                     ../LUFA/Drivers/USB/Class/Device/RNDISClassDevice.o
RNDIS_Device_ProcessControlRequest                ../LUFA/Drivers/USB/Class/Device/RNDISClassDevice.o
RNDIS_Device_ReadPacket                           ../LUFA/Drivers/USB/Class/Device/RNDISClassDevice.o
RNDIS_Device_SendPacket                           ../LUFA/Drivers/USB/Class/Device/RNDISClassDevice.o
RNDIS_Device_USBTask                              ../LUFA/Drivers/USB/Class/Device/RNDISClassDevice.o
SetupHardware                                     MCB.o
USB_ControlRequest                                ../LUFA/Drivers/USB/Class/Device/RNDISClassDevice.o
                                                  ../LUFA/Drivers/USB/Class/Device/MassStorageClassDevice.o
                                                  ../LUFA/Drivers/USB/Class/Device/HIDClassDevice.o
                                                  ../LUFA/Drivers/USB/Class/Device/CDCClassDevice.o
                                                  ../LUFA/Drivers/USB/Class/Device/AudioClassDevice.o
                                                  ../LUFA/Drivers/USB/Core/USBTask.o
                                                  ../LUFA/Drivers/USB/Core/DeviceStandardReq.o
                                                  ../LUFA/Drivers/USB/Core/AVR8/EndpointStream_AVR8.o
                                                  ../LUFA/Drivers/USB/Core/AVR8/Endpoint_AVR8.o
USB_DeviceState                                   ../LUFA/Drivers/USB/Class/Device/RNDISClassDevice.o
                                                  ../LUFA/Drivers/USB/Class/Device/MIDIClassDevice.o
                                                  ../LUFA/Drivers/USB/Class/Device/MassStorageClassDevice.o
                                                  ../LUFA/Drivers/USB/Class/Device/HIDClassDevice.o
                                                  ../LUFA/Drivers/USB/Class/Device/CDCClassDevice.o
                                                  ../LUFA/Drivers/USB/Core/USBTask.o
                                                  ../LUFA/Drivers/USB/Core/DeviceStandardReq.o
                                                  ../LUFA/Drivers/USB/Core/AVR8/EndpointStream_AVR8.o
                                                  ../LUFA/Drivers/USB/Core/AVR8/USBInterrupt_AVR8.o
                                                  ../LUFA/Drivers/USB/Core/AVR8/USBController_AVR8.o
                                                  ../LUFA/Drivers/USB/Core/AVR8/Endpoint_AVR8.o
USB_Device_ConfigurationNumber                    ../LUFA/Drivers/USB/Core/DeviceStandardReq.o
                                                  ../LUFA/Drivers/USB/Core/AVR8/USBInterrupt_AVR8.o
                                                  ../LUFA/Drivers/USB/Core/AVR8/USBController_AVR8.o
USB_Device_CurrentlySelfPowered                   ../LUFA/Drivers/USB/Core/DeviceStandardReq.o
                                                  ../LUFA/Drivers/USB/Core/AVR8/USBController_AVR8.o
USB_Device_ProcessControlRequest                  ../LUFA/Drivers/USB/Core/DeviceStandardReq.o
                                                  ../LUFA/Drivers/USB/Core/USBTask.o
USB_Device_RemoteWakeupEnabled                    ../LUFA/Drivers/USB/Core/DeviceStandardReq.o
                                                  ../LUFA/Drivers/USB/Core/AVR8/USBController_AVR8.o
USB_Device_SendRemoteWakeup                       ../LUFA/Drivers/USB/Core/AVR8/Device_AVR8.o
USB_Disable                                       ../LUFA/Drivers/USB/Core/AVR8/USBController_AVR8.o
USB_Event_Stub                                    ../LUFA/Drivers/USB/Core/Events.o
USB_GetHIDReportItemInfo                          ../LUFA/Drivers/USB/Class/Common/HIDParser.o
USB_GetHIDReportSize                              ../LUFA/Drivers/USB/Class/Common/HIDParser.o
USB_GetNextDescriptorComp                         ../LUFA/Drivers/USB/Core/ConfigDescriptor.o
USB_GetNextDescriptorOfType                       ../LUFA/Drivers/USB/Core/ConfigDescriptor.o
USB_GetNextDescriptorOfTypeAfter                  ../LUFA/Drivers/USB/Core/ConfigDescriptor.o
USB_GetNextDescriptorOfTypeBefore                 ../LUFA/Drivers/USB/Core/ConfigDescriptor.o
USB_INT_ClearAllInterrupts                        ../LUFA/Drivers/USB/Core/AVR8/USBInterrupt_AVR8.o
                                                  ../LUFA/Drivers/USB/Core/AVR8/USBController_AVR8.o
USB_INT_DisableAllInterrupts                      ../LUFA/Drivers/USB/Core/AVR8/USBInterrupt_AVR8.o
                                                  ../LUFA/Drivers/USB/Core/AVR8/USBController_AVR8.o
USB_Init                                          ../LUFA/Drivers/USB/Core/AVR8/USBController_AVR8.o
                                                  MCB.o
USB_IsInitialized                                 ../LUFA/Drivers/USB/Core/USBTask.o
                                                  ../LUFA/Drivers/USB/Core/AVR8/USBController_AVR8.o
USB_ProcessHIDReport                              ../LUFA/Drivers/USB/Class/Common/HIDParser.o
USB_ResetInterface                                ../LUFA/Drivers/USB/Core/AVR8/USBController_AVR8.o
USB_SetHIDReportItemInfo                          ../LUFA/Drivers/USB/Class/Common/HIDParser.o
USB_USBTask                                       ../LUFA/Drivers/USB/Core/USBTask.o
                                                  ../LUFA/Drivers/USB/Class/Device/MassStorageClassDevice.o
                                                  ../LUFA/Drivers/USB/Class/Device/CDCClassDevice.o
                                                  ../LUFA/Drivers/USB/Core/AVR8/EndpointStream_AVR8.o
                                                  MCB.o
VirtualSerial_CDC_Interface                       MCB.o
__bad_interrupt                                   /usr/lib/gcc/avr/4.3.5/../../../avr/lib/avr5/crtm32u4.o
__bss_end                                         /usr/lib/gcc/avr/4.3.5/avr5/libgcc.a(_clear_bss.o)
__bss_start                                       /usr/lib/gcc/avr/4.3.5/avr5/libgcc.a(_clear_bss.o)
__data_end                                        /usr/lib/gcc/avr/4.3.5/avr5/libgcc.a(_copy_data.o)
__data_load_start                                 /usr/lib/gcc/avr/4.3.5/avr5/libgcc.a(_copy_data.o)
__data_start                                      /usr/lib/gcc/avr/4.3.5/avr5/libgcc.a(_copy_data.o)
__do_clear_bss                                    /usr/lib/gcc/avr/4.3.5/avr5/libgcc.a(_clear_bss.o)
                                                  /usr/lib/gcc/avr/4.3.5/../../../avr/lib/avr5/libc.a(iob.o)
                                                  ../LUFA/Drivers/USB/Core/USBTask.o
                                                  ../LUFA/Drivers/USB/Core/DeviceStandardReq.o
                                                  MCB.o
__do_copy_data                                    /usr/lib/gcc/avr/4.3.5/avr5/libgcc.a(_copy_data.o)
                                                  ../LUFA/Drivers/USB/Class/Device/RNDISClassDevice.o
                                                  ../LUFA/Drivers/USB/Class/Device/CDCClassDevice.o
                                                  MCB.o
__eerd_byte_m32u4                                 /usr/lib/gcc/avr/4.3.5/../../../avr/lib/avr5/libc.a(eerd_byte_atmega32u4.o)
                                                  ../LUFA/Drivers/USB/Core/AVR8/EndpointStream_AVR8.o
__eeupd_byte_m32u4                                /usr/lib/gcc/avr/4.3.5/../../../avr/lib/avr5/libc.a(eeupd_byte_atmega32u4.o)
                                                  ../LUFA/Drivers/USB/Core/AVR8/EndpointStream_AVR8.o
__eeupd_r18_m32u4                                 /usr/lib/gcc/avr/4.3.5/../../../avr/lib/avr5/libc.a(eeupd_byte_atmega32u4.o)
__epilogue_restores__                             /usr/lib/gcc/avr/4.3.5/avr5/libgcc.a(_epilogue.o)
                                                  /usr/lib/gcc/avr/4.3.5/../../../avr/lib/avr5/libc.a(vfprintf_std.o)
                                                  /usr/lib/gcc/avr/4.3.5/../../../avr/lib/avr5/libc.a(printf.o)
__heap_end                                        /usr/lib/gcc/avr/4.3.5/../../../avr/lib/avr5/crtm32u4.o
__init                                            /usr/lib/gcc/avr/4.3.5/../../../avr/lib/avr5/crtm32u4.o
__iob                                             /usr/lib/gcc/avr/4.3.5/../../../avr/lib/avr5/libc.a(puts.o)
                                                  /usr/lib/gcc/avr/4.3.5/../../../avr/lib/avr5/libc.a(printf.o)
                                                  /usr/lib/gcc/avr/4.3.5/../../../avr/lib/avr5/libc.a(iob.o)
                                                  MCB.o
__prologue_saves__                                /usr/lib/gcc/avr/4.3.5/avr5/libgcc.a(_prologue.o)
                                                  /usr/lib/gcc/avr/4.3.5/../../../avr/lib/avr5/libc.a(vfprintf_std.o)
                                                  /usr/lib/gcc/avr/4.3.5/../../../avr/lib/avr5/libc.a(printf.o)
__stack                                           /usr/lib/gcc/avr/4.3.5/../../../avr/lib/avr5/crtm32u4.o
__ultoa_invert                                    /usr/lib/gcc/avr/4.3.5/../../../avr/lib/avr5/libc.a(ultoa_invert.o)
                                                  /usr/lib/gcc/avr/4.3.5/../../../avr/lib/avr5/libc.a(vfprintf_std.o)
__vector_1                                        /usr/lib/gcc/avr/4.3.5/../../../avr/lib/avr5/crtm32u4.o
__vector_10                                       ../LUFA/Drivers/USB/Core/AVR8/USBInterrupt_AVR8.o
                                                  /usr/lib/gcc/avr/4.3.5/../../../avr/lib/avr5/crtm32u4.o
__vector_11                                       /usr/lib/gcc/avr/4.3.5/../../../avr/lib/avr5/crtm32u4.o
__vector_12                                       /usr/lib/gcc/avr/4.3.5/../../../avr/lib/avr5/crtm32u4.o
__vector_13                                       /usr/lib/gcc/avr/4.3.5/../../../avr/lib/avr5/crtm32u4.o
__vector_14                                       /usr/lib/gcc/avr/4.3.5/../../../avr/lib/avr5/crtm32u4.o
__vector_15                                       /usr/lib/gcc/avr/4.3.5/../../../avr/lib/avr5/crtm32u4.o
__vector_16                                       /usr/lib/gcc/avr/4.3.5/../../../avr/lib/avr5/crtm32u4.o
__vector_17                                       MCB.o
                                                  /usr/lib/gcc/avr/4.3.5/../../../avr/lib/avr5/crtm32u4.o
__vector_18                                       /usr/lib/gcc/avr/4.3.5/../../../avr/lib/avr5/crtm32u4.o
__vector_19                                       /usr/lib/gcc/avr/4.3.5/../../../avr/lib/avr5/crtm32u4.o
__vector_2                                        /usr/lib/gcc/avr/4.3.5/../../../avr/lib/avr5/crtm32u4.o
__vector_20                                       /usr/lib/gcc/avr/4.3.5/../../../avr/lib/avr5/crtm32u4.o
__vector_21                                       /usr/lib/gcc/avr/4.3.5/../../../avr/lib/avr5/crtm32u4.o
__vector_22                                       /usr/lib/gcc/avr/4.3.5/../../../avr/lib/avr5/crtm32u4.o
__vector_23                                       /usr/lib/gcc/avr/4.3.5/../../../avr/lib/avr5/crtm32u4.o
__vector_24                                       /usr/lib/gcc/avr/4.3.5/../../../avr/lib/avr5/crtm32u4.o
__vector_25                                       /usr/lib/gcc/avr/4.3.5/../../../avr/lib/avr5/crtm32u4.o
__vector_26                                       /usr/lib/gcc/avr/4.3.5/../../../avr/lib/avr5/crtm32u4.o
__vector_27                                       /usr/lib/gcc/avr/4.3.5/../../../avr/lib/avr5/crtm32u4.o
__vector_28                                       /usr/lib/gcc/avr/4.3.5/../../../avr/lib/avr5/crtm32u4.o
__vector_29                                       /usr/lib/gcc/avr/4.3.5/../../../avr/lib/avr5/crtm32u4.o
__vector_3                                        /usr/lib/gcc/avr/4.3.5/../../../avr/lib/avr5/crtm32u4.o
__vector_30                                       /usr/lib/gcc/avr/4.3.5/../../../avr/lib/avr5/crtm32u4.o
__vector_31                                       /usr/lib/gcc/avr/4.3.5/../../../avr/lib/avr5/crtm32u4.o
__vector_32                                       /usr/lib/gcc/avr/4.3.5/../../../avr/lib/avr5/crtm32u4.o
__vector_33                                       /usr/lib/gcc/avr/4.3.5/../../../avr/lib/avr5/crtm32u4.o
__vector_34                                       /usr/lib/gcc/avr/4.3.5/../../../avr/lib/avr5/crtm32u4.o
__vector_35                                       /usr/lib/gcc/avr/4.3.5/../../../avr/lib/avr5/crtm32u4.o
__vector_36                                       /usr/lib/gcc/avr/4.3.5/../../../avr/lib/avr5/crtm32u4.o
__vector_37                                       /usr/lib/gcc/avr/4.3.5/../../../avr/lib/avr5/crtm32u4.o
__vector_38                                       /usr/lib/gcc/avr/4.3.5/../../../avr/lib/avr5/crtm32u4.o
__vector_39                                       /usr/lib/gcc/avr/4.3.5/../../../avr/lib/avr5/crtm32u4.o
__vector_4                                        /usr/lib/gcc/avr/4.3.5/../../../avr/lib/avr5/crtm32u4.o
__vector_40                                       /usr/lib/gcc/avr/4.3.5/../../../avr/lib/avr5/crtm32u4.o
__vector_41                                       /usr/lib/gcc/avr/4.3.5/../../../avr/lib/avr5/crtm32u4.o
__vector_42                                       /usr/lib/gcc/avr/4.3.5/../../../avr/lib/avr5/crtm32u4.o
__vector_5                                        /usr/lib/gcc/avr/4.3.5/../../../avr/lib/avr5/crtm32u4.o
__vector_6                                        /usr/lib/gcc/avr/4.3.5/../../../avr/lib/avr5/crtm32u4.o
__vector_7                                        /usr/lib/gcc/avr/4.3.5/../../../avr/lib/avr5/crtm32u4.o
__vector_8                                        /usr/lib/gcc/avr/4.3.5/../../../avr/lib/avr5/crtm32u4.o
__vector_9                                        /usr/lib/gcc/avr/4.3.5/../../../avr/lib/avr5/crtm32u4.o
__vector_default                                  /usr/lib/gcc/avr/4.3.5/../../../avr/lib/avr5/crtm32u4.o
__vectors                                         /usr/lib/gcc/avr/4.3.5/../../../avr/lib/avr5/crtm32u4.o
_exit                                             /usr/lib/gcc/avr/4.3.5/avr5/libgcc.a(_exit.o)
exit                                              /usr/lib/gcc/avr/4.3.5/avr5/libgcc.a(_exit.o)
                                                  /usr/lib/gcc/avr/4.3.5/../../../avr/lib/avr5/crtm32u4.o
fputc                                             /usr/lib/gcc/avr/4.3.5/../../../avr/lib/avr5/libc.a(fputc.o)
                                                  /usr/lib/gcc/avr/4.3.5/../../../avr/lib/avr5/libc.a(vfprintf_std.o)
halfMillis                                        MCB.o
initRTC                                           MCB.o
main                                              MCB.o
                                                  /usr/lib/gcc/avr/4.3.5/../../../avr/lib/avr5/crtm32u4.o
memcmp                                            /usr/lib/gcc/avr/4.3.5/../../../avr/lib/avr5/libc.a(memcmp.o)
                                                  ../LUFA/Drivers/USB/Class/Device/HIDClassDevice.o
memcpy                                            /usr/lib/gcc/avr/4.3.5/../../../avr/lib/avr5/libc.a(memcpy.o)
                                                  ../LUFA/Drivers/USB/Class/Device/RNDISClassDevice.o
                                                  ../LUFA/Drivers/USB/Class/Device/HIDClassDevice.o
memcpy_P                                          /usr/lib/gcc/avr/4.3.5/../../../avr/lib/avr5/libc.a(memcpy_P.o)
                                                  ../LUFA/Drivers/USB/Class/Device/RNDISClassDevice.o
memset                                            /usr/lib/gcc/avr/4.3.5/../../../avr/lib/avr5/libc.a(memset.o)
                                                  ../LUFA/Drivers/USB/Class/Device/HIDClassDevice.o
millis                                            MCB.o
printf                                            /usr/lib/gcc/avr/4.3.5/../../../avr/lib/avr5/libc.a(printf.o)
                                                  MCB.o
puts                                              /usr/lib/gcc/avr/4.3.5/../../../avr/lib/avr5/libc.a(puts.o)
                                                  MCB.o
strnlen                                           /usr/lib/gcc/avr/4.3.5/../../../avr/lib/avr5/libc.a(strnlen.o)
                                                  /usr/lib/gcc/avr/4.3.5/../../../avr/lib/avr5/libc.a(vfprintf_std.o)
strnlen_P                                         /usr/lib/gcc/avr/4.3.5/../../../avr/lib/avr5/libc.a(strnlen_P.o)
                                                  /usr/lib/gcc/avr/4.3.5/../../../avr/lib/avr5/libc.a(vfprintf_std.o)
vfprintf                                          /usr/lib/gcc/avr/4.3.5/../../../avr/lib/avr5/libc.a(vfprintf_std.o)
                                                  /usr/lib/gcc/avr/4.3.5/../../../avr/lib/avr5/libc.a(printf.o)
